400-step trajectories and LR pairing audited; reading final packed tensors
{
  "runs": {
    "distill-b100-refined-ref-adam1e5-400-20260914a": {
      "source_root": true,
      "source_head": true,
      "dirty_matches": true,
      "distill_matches_previous_audited": true,
      "data_equal_prior": true,
      "fresh_run": true,
      "exact_steps": true,
      "all_microbatch_targets": true,
      "all_cumulative_tokens": true,
      "gradient_coverage": true,
      "sampled_all_masters_change_each_step": false,
      "finite_losses": true,
      "lr_schedule": true,
      "window_sequence": true,
      "resume_step": true,
      "adam_state_steps": true,
      "resume_fp32": true,
      "completed": true,
      "completion_event": true,
      "pid_chain": true,
      "final_result_matches": true,
      "no_failure": true,
      "full_protocol": true,
      "final_sw_matches_resume": true,
      "final_sa_matches_resume": true,
      "final_sp2_matches_resume": true
    },
    "distill-b100-refined-ref-adam2e5-400-20260914a": {
      "source_root": true,
      "source_head": true,
      "dirty_matches": true,
      "distill_matches_previous_audited": true,
      "data_equal_prior": true,
      "fresh_run": true,
      "exact_steps": true,
      "all_microbatch_targets": true,
      "all_cumulative_tokens": true,
      "gradient_coverage": true,
      "sampled_all_masters_change_each_step": true,
      "finite_losses": true,
      "lr_schedule": true,
      "window_sequence": true,
      "resume_step": true,
      "adam_state_steps": true,
      "resume_fp32": true,
      "completed": true,
      "completion_event": true,
      "pid_chain": true,
      "final_result_matches": true,
      "no_failure": true,
      "full_protocol": true,
      "final_sw_matches_resume": true,
      "final_sa_matches_resume": true,
      "final_sp2_matches_resume": true
    }
  },
  "pair": {
    "same_windows": true,
    "same_scale_LRs": true,
    "weight_LR_exact_half": true,
    "scale_LR_pairs_checked": 89600,
    "weight_LR_pairs_checked": 400,
    "same_initial_probe": true,
    "same_master_initialization": true,
    "same_arguments_except_weightLR_output": true,
    "same_source_snapshots": {
      "launch.py": true,
      "tracked.diff": true,
      "postprocess.py": true,
      "common.py": true,
      "local_d.py": true,
      "quantization.py": true,
      "distill.py": true,
      "run.py": true,
      "sequential_postprocess.py": true
    },
    "first_microbatch_losses_equal": true,
    "identical_gradients_or_learned_scales_claimed": false
  },
  "packed": {
    "weight_coverage": true,
    "activation_coverage": true,
    "shape_and_layout": true,
    "sw_format": true,
    "activation_formats": true,
    "HP_keys": true,
    "HP_bytes_unchanged": true,
    "all_codes_match_final_masters": true,
    "code_changes_match": true
  }
}
