................................FFFFFFFFFFF                              [100%]
=================================== FAILURES ===================================
________________ test_route_a_sw_reset_only_at_current_rotation ________________

initialized_model = LlamaForCausalLM(
  (model): LlamaModel(
    (embed_tokens): Embedding(32, 8)
    (layers): ModuleList(
      (0-15): ...t_features=32, bias=False)
    (quantizer): ActQuantizer()
    (out_quantizer): ActQuantizer()
  )
  (R1): Rotation()
)

    def test_route_a_sw_reset_only_at_current_rotation(initialized_model):
        model = initialized_model
        before = cloned_state(model)
        identities = {name: id(wrapper.module.quantizer.scale) for name, wrapper in common.wrappers(model).items()}
        with torch.no_grad():
            model.R1.weight.copy_(torch.eye(8))
        common.reset_weight_scales(model)
        for name, wrapper, rotation2, transpose in common.rotated_linears(model):
            expected = wrapper.module.rotated_weight(model.R1.weight, rotation2, transpose).float()
            expected = expected.abs().amax(dim=1, keepdim=True).clamp_min(1e-5) / 7
            assert torch.equal(wrapper.module.quantizer.scale, expected), name
            assert id(wrapper.module.quantizer.scale) == identities[name]
        for name, value in model.state_dict().items():
            if name != "R1.weight" and not name.endswith(".module.quantizer.scale"):
>               assert torch.equal(value, before[name]), name
E               AssertionError: model.layers.0.self_attn.q_proj.out_quantizer.prefill_scale
E               assert False
E                +  where False = <built-in method equal of type object at 0x7fa4cfc67500>(tensor([nan]), tensor([nan]))
E                +    where <built-in method equal of type object at 0x7fa4cfc67500> = torch.equal

tests/test_phase3_joint.py:344: AssertionError
____________ test_frozen_eval_class_codes_and_identity_head_forward ____________

initialized_model = LlamaForCausalLM(
  (model): LlamaModel(
    (embed_tokens): Embedding(32, 8)
    (layers): ModuleList(
      (0-15): ...t_features=32, bias=False)
    (quantizer): ActQuantizer()
    (out_quantizer): ActQuantizer()
  )
  (R1): Rotation()
)
calibration = [tensor([[1, 4, 8, 3, 7, 2, 9, 5]]), tensor([[6, 2, 5, 1, 8, 4]])]

    def test_frozen_eval_class_codes_and_identity_head_forward(initialized_model, calibration):
        model = initialized_model
        common.training_mode(model, "C", 0, 50)
        with torch.no_grad():
            model.R1.weight.copy_(torch.eye(8))
        original = cloned_state(model)
        frozen, records = common.frozen_model(model)
        assert isinstance(frozen, EvaluationModel)
        assert not hasattr(frozen, "R1")
        assert all(not hasattr(layer.self_attn, "R2") for layer in frozen.model.layers)
        assert not frozen.training and not frozen.config.use_cache
        assert all(not parameter.requires_grad for parameter in frozen.parameters())
        assert len(records) == 112
        assert len(common.wrappers(frozen)) == 112
>       assert_state_unchanged(model, original)

tests/test_phase3_joint.py:361: 
_ _ _ _ _ _ _ _ _ _ _ _ _ _ _ _ _ _ _ _ _ _ _ _ _ _ _ _ _ _ _ _ _ _ _ _ _ _ _ _ 

model = LlamaForCausalLM(
  (model): LlamaModel(
    (embed_tokens): Embedding(32, 8)
    (layers): ModuleList(
      (0-15): ...t_features=32, bias=False)
    (quantizer): ActQuantizer()
    (out_quantizer): ActQuantizer()
  )
  (R1): Rotation()
)
before = {'R1.weight': tensor([[1., 0., 0., 0., 0., 0., 0., 0.],
        [0., 1., 0., 0., 0., 0., 0., 0.],
        [0., 0., 1.,... 'lm_head.out_quantizer._static_clip_ratio': tensor([1.]), 'lm_head.out_quantizer._static_enabled': tensor(False), ...}

    def assert_state_unchanged(model, before):
        after = model.state_dict()
        assert set(after) == set(before)
        for name, value in before.items():
>           assert torch.equal(after[name], value), name
E           AssertionError: model.layers.0.self_attn.q_proj.out_quantizer.prefill_scale
E           assert False
E            +  where False = <built-in method equal of type object at 0x7fa4cfc67500>(tensor([nan]), tensor([nan]))
E            +    where <built-in method equal of type object at 0x7fa4cfc67500> = torch.equal

tests/test_phase3_joint.py:72: AssertionError
______________ test_frozen_calibration_isolated_to_sixteen_downs _______________

initialized_model = LlamaForCausalLM(
  (model): LlamaModel(
    (embed_tokens): Embedding(32, 8)
    (layers): ModuleList(
      (0-15): ...t_features=32, bias=False)
    (quantizer): ActQuantizer()
    (out_quantizer): ActQuantizer()
  )
  (R1): Rotation()
)
calibration = [tensor([[1, 4, 8, 3, 7, 2, 9, 5]]), tensor([[6, 2, 5, 1, 8, 4]])]

    def test_frozen_calibration_isolated_to_sixteen_downs(initialized_model, calibration):
        model = initialized_model
        common.training_mode(model, "B", 0, 50)
        original = cloned_state(model)
        frozen, records = common.frozen_model(model)
        before = cloned_state(frozen)
        result = common.calibrate_sp2(frozen, calibration)
        assert len(result) == 16
>       assert_state_unchanged(model, original)

tests/test_phase3_joint.py:388: 
_ _ _ _ _ _ _ _ _ _ _ _ _ _ _ _ _ _ _ _ _ _ _ _ _ _ _ _ _ _ _ _ _ _ _ _ _ _ _ _ 

model = LlamaForCausalLM(
  (model): LlamaModel(
    (embed_tokens): Embedding(32, 8)
    (layers): ModuleList(
      (0-15): ...t_features=32, bias=False)
    (quantizer): ActQuantizer()
    (out_quantizer): ActQuantizer()
  )
  (R1): Rotation()
)
before = {'R1.weight': tensor([[ 0.3536,  0.3536,  0.3536,  0.3536,  0.3536,  0.3536,  0.3536,  0.3536],
        [ 0.3536, -0.3... 'lm_head.out_quantizer._static_clip_ratio': tensor([1.]), 'lm_head.out_quantizer._static_enabled': tensor(False), ...}

    def assert_state_unchanged(model, before):
        after = model.state_dict()
        assert set(after) == set(before)
        for name, value in before.items():
>           assert torch.equal(after[name], value), name
E           AssertionError: model.layers.0.self_attn.q_proj.out_quantizer.prefill_scale
E           assert False
E            +  where False = <built-in method equal of type object at 0x7fa4cfc67500>(tensor([nan]), tensor([nan]))
E            +    where <built-in method equal of type object at 0x7fa4cfc67500> = torch.equal

tests/test_phase3_joint.py:72: AssertionError
__________ test_frozen_cold_reload_recovers_weights_scales_and_output __________

initialized_model = LlamaForCausalLM(
  (model): LlamaModel(
    (embed_tokens): Embedding(32, 8)
    (layers): ModuleList(
      (0-15): ...t_features=32, bias=False)
    (quantizer): ActQuantizer()
    (out_quantizer): ActQuantizer()
  )
  (R1): Rotation()
)
calibration = [tensor([[1, 4, 8, 3, 7, 2, 9, 5]]), tensor([[6, 2, 5, 1, 8, 4]])]
tmp_path = PosixPath('/home/dongpeiyan/projects/rotation-quant/runs/phase3/verifier/pytest-second-20260914/test_frozen_cold_reload_recove0')

    def test_frozen_cold_reload_recovers_weights_scales_and_output(initialized_model, calibration, tmp_path):
        common.training_mode(initialized_model, "C", 0, 50)
        frozen, records = common.frozen_model(initialized_model)
        path = tmp_path / "frozen.pt"
        common.save_frozen(frozen, records, path, dict(route="C"))
        before = cloned_state(frozen)
        expected = common.evaluate(frozen, calibration)
        cold = copy.deepcopy(frozen)
        with torch.no_grad():
            for parameter in cold.parameters():
                parameter.fill_(0.25)
            for wrapper in common.wrappers(cold).values():
                wrapper.quantizer.scale.fill_(0.25)
        common.reload_frozen(cold, path)
>       assert_state_unchanged(cold, before)

tests/test_phase3_joint.py:416: 
_ _ _ _ _ _ _ _ _ _ _ _ _ _ _ _ _ _ _ _ _ _ _ _ _ _ _ _ _ _ _ _ _ _ _ _ _ _ _ _ 

model = LlamaForCausalLM(
  (model): LlamaModel(
    (embed_tokens): Embedding(32, 8)
    (layers): ModuleList(
      (0-15): ...r(in_features=8, out_features=32, bias=False)
    (quantizer): ActQuantizer()
    (out_quantizer): ActQuantizer()
  )
)
before = {'lm_head.module.weight': tensor([[ 0.0400, -0.0044,  0.0269,  0.0087,  0.0226, -0.0503,  0.0217, -0.0305],
        [ ...izer._static_enabled': tensor(False), 'lm_head.out_quantizer._static_encoding_code': tensor(-1, dtype=torch.int8), ...}

    def assert_state_unchanged(model, before):
        after = model.state_dict()
        assert set(after) == set(before)
        for name, value in before.items():
>           assert torch.equal(after[name], value), name
E           AssertionError: model.layers.0.self_attn.q_proj.out_quantizer.prefill_scale
E           assert False
E            +  where False = <built-in method equal of type object at 0x7fa4cfc67500>(tensor([nan]), tensor([nan]))
E            +    where <built-in method equal of type object at 0x7fa4cfc67500> = torch.equal

tests/test_phase3_joint.py:72: AssertionError
__________ test_reload_frozen_rejects_malformed_package[sw_negative] ___________

initialized_model = LlamaForCausalLM(
  (model): LlamaModel(
    (embed_tokens): Embedding(32, 8)
    (layers): ModuleList(
      (0-15): ...t_features=32, bias=False)
    (quantizer): ActQuantizer()
    (out_quantizer): ActQuantizer()
  )
  (R1): Rotation()
)
tmp_path = PosixPath('/home/dongpeiyan/projects/rotation-quant/runs/phase3/verifier/pytest-second-20260914/test_reload_frozen_rejects_mal0')
corruption = 'sw_negative'

    @pytest.mark.parametrize("corruption", ["sw_negative", "sw_shape", "sw_nan", "sa_negative", "missing_head", "format"])
    def test_reload_frozen_rejects_malformed_package(initialized_model, tmp_path, corruption):
        common.training_mode(initialized_model, "C", 0, 50)
        frozen, records = common.frozen_model(initialized_model)
        path = tmp_path / "frozen.pt"
        common.save_frozen(frozen, records, path, {})
        state = torch.load(path, map_location="cpu", weights_only=True)
        name = "model.layers.0.self_attn.q_proj"
        if corruption == "sw_negative":
            state["weights"][name]["scale"].fill_(-1)
        elif corruption == "sw_shape":
            state["weights"][name]["scale"] = torch.ones(1)
        elif corruption == "sw_nan":
            state["weights"][name]["scale"].fill_(math.nan)
        elif corruption == "sa_negative":
            state["activation"][name]["scale"].fill_(-1)
        elif corruption == "missing_head":
            state["high_precision"] = {key: value for key, value in state["high_precision"].items()
                                       if not key.startswith("lm_head.")}
        else:
            state["activation"][name]["format"] = "not_int8"
        torch.save(state, path)
        with pytest.raises(ValueError):
>           common.reload_frozen(frozen, path)
E           Failed: DID NOT RAISE <class 'ValueError'>

tests/test_phase3_joint.py:444: Failed
____________ test_reload_frozen_rejects_malformed_package[sw_shape] ____________

initialized_model = LlamaForCausalLM(
  (model): LlamaModel(
    (embed_tokens): Embedding(32, 8)
    (layers): ModuleList(
      (0-15): ...t_features=32, bias=False)
    (quantizer): ActQuantizer()
    (out_quantizer): ActQuantizer()
  )
  (R1): Rotation()
)
tmp_path = PosixPath('/home/dongpeiyan/projects/rotation-quant/runs/phase3/verifier/pytest-second-20260914/test_reload_frozen_rejects_mal1')
corruption = 'sw_shape'

    @pytest.mark.parametrize("corruption", ["sw_negative", "sw_shape", "sw_nan", "sa_negative", "missing_head", "format"])
    def test_reload_frozen_rejects_malformed_package(initialized_model, tmp_path, corruption):
        common.training_mode(initialized_model, "C", 0, 50)
        frozen, records = common.frozen_model(initialized_model)
        path = tmp_path / "frozen.pt"
        common.save_frozen(frozen, records, path, {})
        state = torch.load(path, map_location="cpu", weights_only=True)
        name = "model.layers.0.self_attn.q_proj"
        if corruption == "sw_negative":
            state["weights"][name]["scale"].fill_(-1)
        elif corruption == "sw_shape":
            state["weights"][name]["scale"] = torch.ones(1)
        elif corruption == "sw_nan":
            state["weights"][name]["scale"].fill_(math.nan)
        elif corruption == "sa_negative":
            state["activation"][name]["scale"].fill_(-1)
        elif corruption == "missing_head":
            state["high_precision"] = {key: value for key, value in state["high_precision"].items()
                                       if not key.startswith("lm_head.")}
        else:
            state["activation"][name]["format"] = "not_int8"
        torch.save(state, path)
        with pytest.raises(ValueError):
>           common.reload_frozen(frozen, path)
E           Failed: DID NOT RAISE <class 'ValueError'>

tests/test_phase3_joint.py:444: Failed
_____________ test_reload_frozen_rejects_malformed_package[sw_nan] _____________

initialized_model = LlamaForCausalLM(
  (model): LlamaModel(
    (embed_tokens): Embedding(32, 8)
    (layers): ModuleList(
      (0-15): ...t_features=32, bias=False)
    (quantizer): ActQuantizer()
    (out_quantizer): ActQuantizer()
  )
  (R1): Rotation()
)
tmp_path = PosixPath('/home/dongpeiyan/projects/rotation-quant/runs/phase3/verifier/pytest-second-20260914/test_reload_frozen_rejects_mal2')
corruption = 'sw_nan'

    @pytest.mark.parametrize("corruption", ["sw_negative", "sw_shape", "sw_nan", "sa_negative", "missing_head", "format"])
    def test_reload_frozen_rejects_malformed_package(initialized_model, tmp_path, corruption):
        common.training_mode(initialized_model, "C", 0, 50)
        frozen, records = common.frozen_model(initialized_model)
        path = tmp_path / "frozen.pt"
        common.save_frozen(frozen, records, path, {})
        state = torch.load(path, map_location="cpu", weights_only=True)
        name = "model.layers.0.self_attn.q_proj"
        if corruption == "sw_negative":
            state["weights"][name]["scale"].fill_(-1)
        elif corruption == "sw_shape":
            state["weights"][name]["scale"] = torch.ones(1)
        elif corruption == "sw_nan":
            state["weights"][name]["scale"].fill_(math.nan)
        elif corruption == "sa_negative":
            state["activation"][name]["scale"].fill_(-1)
        elif corruption == "missing_head":
            state["high_precision"] = {key: value for key, value in state["high_precision"].items()
                                       if not key.startswith("lm_head.")}
        else:
            state["activation"][name]["format"] = "not_int8"
        torch.save(state, path)
        with pytest.raises(ValueError):
>           common.reload_frozen(frozen, path)
E           Failed: DID NOT RAISE <class 'ValueError'>

tests/test_phase3_joint.py:444: Failed
__________ test_reload_frozen_rejects_malformed_package[sa_negative] ___________

initialized_model = LlamaForCausalLM(
  (model): LlamaModel(
    (embed_tokens): Embedding(32, 8)
    (layers): ModuleList(
      (0-15): ...t_features=32, bias=False)
    (quantizer): ActQuantizer()
    (out_quantizer): ActQuantizer()
  )
  (R1): Rotation()
)
tmp_path = PosixPath('/home/dongpeiyan/projects/rotation-quant/runs/phase3/verifier/pytest-second-20260914/test_reload_frozen_rejects_mal3')
corruption = 'sa_negative'

    @pytest.mark.parametrize("corruption", ["sw_negative", "sw_shape", "sw_nan", "sa_negative", "missing_head", "format"])
    def test_reload_frozen_rejects_malformed_package(initialized_model, tmp_path, corruption):
        common.training_mode(initialized_model, "C", 0, 50)
        frozen, records = common.frozen_model(initialized_model)
        path = tmp_path / "frozen.pt"
        common.save_frozen(frozen, records, path, {})
        state = torch.load(path, map_location="cpu", weights_only=True)
        name = "model.layers.0.self_attn.q_proj"
        if corruption == "sw_negative":
            state["weights"][name]["scale"].fill_(-1)
        elif corruption == "sw_shape":
            state["weights"][name]["scale"] = torch.ones(1)
        elif corruption == "sw_nan":
            state["weights"][name]["scale"].fill_(math.nan)
        elif corruption == "sa_negative":
            state["activation"][name]["scale"].fill_(-1)
        elif corruption == "missing_head":
            state["high_precision"] = {key: value for key, value in state["high_precision"].items()
                                       if not key.startswith("lm_head.")}
        else:
            state["activation"][name]["format"] = "not_int8"
        torch.save(state, path)
        with pytest.raises(ValueError):
>           common.reload_frozen(frozen, path)
E           Failed: DID NOT RAISE <class 'ValueError'>

tests/test_phase3_joint.py:444: Failed
__________ test_reload_frozen_rejects_malformed_package[missing_head] __________

initialized_model = LlamaForCausalLM(
  (model): LlamaModel(
    (embed_tokens): Embedding(32, 8)
    (layers): ModuleList(
      (0-15): ...t_features=32, bias=False)
    (quantizer): ActQuantizer()
    (out_quantizer): ActQuantizer()
  )
  (R1): Rotation()
)
tmp_path = PosixPath('/home/dongpeiyan/projects/rotation-quant/runs/phase3/verifier/pytest-second-20260914/test_reload_frozen_rejects_mal4')
corruption = 'missing_head'

    @pytest.mark.parametrize("corruption", ["sw_negative", "sw_shape", "sw_nan", "sa_negative", "missing_head", "format"])
    def test_reload_frozen_rejects_malformed_package(initialized_model, tmp_path, corruption):
        common.training_mode(initialized_model, "C", 0, 50)
        frozen, records = common.frozen_model(initialized_model)
        path = tmp_path / "frozen.pt"
        common.save_frozen(frozen, records, path, {})
        state = torch.load(path, map_location="cpu", weights_only=True)
        name = "model.layers.0.self_attn.q_proj"
        if corruption == "sw_negative":
            state["weights"][name]["scale"].fill_(-1)
        elif corruption == "sw_shape":
            state["weights"][name]["scale"] = torch.ones(1)
        elif corruption == "sw_nan":
            state["weights"][name]["scale"].fill_(math.nan)
        elif corruption == "sa_negative":
            state["activation"][name]["scale"].fill_(-1)
        elif corruption == "missing_head":
            state["high_precision"] = {key: value for key, value in state["high_precision"].items()
                                       if not key.startswith("lm_head.")}
        else:
            state["activation"][name]["format"] = "not_int8"
        torch.save(state, path)
        with pytest.raises(ValueError):
>           common.reload_frozen(frozen, path)
E           Failed: DID NOT RAISE <class 'ValueError'>

tests/test_phase3_joint.py:444: Failed
_____________ test_reload_frozen_rejects_malformed_package[format] _____________

initialized_model = LlamaForCausalLM(
  (model): LlamaModel(
    (embed_tokens): Embedding(32, 8)
    (layers): ModuleList(
      (0-15): ...t_features=32, bias=False)
    (quantizer): ActQuantizer()
    (out_quantizer): ActQuantizer()
  )
  (R1): Rotation()
)
tmp_path = PosixPath('/home/dongpeiyan/projects/rotation-quant/runs/phase3/verifier/pytest-second-20260914/test_reload_frozen_rejects_mal5')
corruption = 'format'

    @pytest.mark.parametrize("corruption", ["sw_negative", "sw_shape", "sw_nan", "sa_negative", "missing_head", "format"])
    def test_reload_frozen_rejects_malformed_package(initialized_model, tmp_path, corruption):
        common.training_mode(initialized_model, "C", 0, 50)
        frozen, records = common.frozen_model(initialized_model)
        path = tmp_path / "frozen.pt"
        common.save_frozen(frozen, records, path, {})
        state = torch.load(path, map_location="cpu", weights_only=True)
        name = "model.layers.0.self_attn.q_proj"
        if corruption == "sw_negative":
            state["weights"][name]["scale"].fill_(-1)
        elif corruption == "sw_shape":
            state["weights"][name]["scale"] = torch.ones(1)
        elif corruption == "sw_nan":
            state["weights"][name]["scale"].fill_(math.nan)
        elif corruption == "sa_negative":
            state["activation"][name]["scale"].fill_(-1)
        elif corruption == "missing_head":
            state["high_precision"] = {key: value for key, value in state["high_precision"].items()
                                       if not key.startswith("lm_head.")}
        else:
            state["activation"][name]["format"] = "not_int8"
        torch.save(state, path)
        with pytest.raises(ValueError):
>           common.reload_frozen(frozen, path)
E           Failed: DID NOT RAISE <class 'ValueError'>

tests/test_phase3_joint.py:444: Failed
_____________ test_token_nll_fp32_chunking_and_tail_weighted_probe _____________

initialized_model = LlamaForCausalLM(
  (model): LlamaModel(
    (embed_tokens): Embedding(32, 8)
    (layers): ModuleList(
      (0-15): ...t_features=32, bias=False)
    (quantizer): ActQuantizer()
    (out_quantizer): ActQuantizer()
  )
  (R1): Rotation()
)
calibration = [tensor([[1, 4, 8, 3, 7, 2, 9, 5]]), tensor([[6, 2, 5, 1, 8, 4]])]

    def test_token_nll_fp32_chunking_and_tail_weighted_probe(initialized_model, calibration):
        model = initialized_model
        common.training_mode(model, "C", 0, 50)
        with torch.no_grad():
            hidden = common.backbone(model, calibration[0])
            logits = model.lm_head(hidden).float()
            expected = torch.nn.functional.cross_entropy(logits[:, :-1].reshape(-1, logits.shape[-1]),
                                                         calibration[0][:, 1:].reshape(-1), reduction="mean")
            for chunk_size in (1, 3, 128):
                torch.testing.assert_close(common.token_nll(model, calibration[0], chunk_size), expected)
        model.train()
        before = cloned_state(model)
        result = common.evaluate(model, calibration)
        assert model.training
        assert result["predicted_tokens"] == 12 and result["token_count"] == 14
        torch.testing.assert_close(torch.tensor(result["nll"]),
                                   torch.tensor(sum(row["nll"] * row["predicted_tokens"] for row in result["windows"]) / 12))
        assert result["ppl"] == math.exp(result["nll"])
>       assert_state_unchanged(model, before)

tests/test_phase3_joint.py:465: 
_ _ _ _ _ _ _ _ _ _ _ _ _ _ _ _ _ _ _ _ _ _ _ _ _ _ _ _ _ _ _ _ _ _ _ _ _ _ _ _ 

model = LlamaForCausalLM(
  (model): LlamaModel(
    (embed_tokens): Embedding(32, 8)
    (layers): ModuleList(
      (0-15): ...t_features=32, bias=False)
    (quantizer): ActQuantizer()
    (out_quantizer): ActQuantizer()
  )
  (R1): Rotation()
)
before = {'R1.weight': tensor([[ 0.3536,  0.3536,  0.3536,  0.3536,  0.3536,  0.3536,  0.3536,  0.3536],
        [ 0.3536, -0.3... 'lm_head.out_quantizer._static_clip_ratio': tensor([1.]), 'lm_head.out_quantizer._static_enabled': tensor(False), ...}

    def assert_state_unchanged(model, before):
        after = model.state_dict()
        assert set(after) == set(before)
        for name, value in before.items():
>           assert torch.equal(after[name], value), name
E           AssertionError: model.layers.0.self_attn.q_proj.out_quantizer.prefill_scale
E           assert False
E            +  where False = <built-in method equal of type object at 0x7fa4cfc67500>(tensor([nan]), tensor([nan]))
E            +    where <built-in method equal of type object at 0x7fa4cfc67500> = torch.equal

tests/test_phase3_joint.py:72: AssertionError
=============================== warnings summary ===============================
tests/test_phase3_joint.py: 25 warnings
  /home/dongpeiyan/miniconda3/envs/rotation-quant-p0/lib/python3.9/site-packages/transformers/modeling_utils.py:4713: FutureWarning: `_is_quantized_training_enabled` is going to be deprecated in transformers 4.39.0. Please use `model.hf_quantizer.is_trainable` instead
    warnings.warn(

tests/test_phase3_joint.py::test_training_fp_weights_frozen_and_joint_checkpoint_update
  /home/dongpeiyan/miniconda3/envs/rotation-quant-p0/lib/python3.9/site-packages/torch/utils/checkpoint.py:1399: FutureWarning: `torch.cpu.amp.autocast(args...)` is deprecated. Please use `torch.amp.autocast('cpu', args...)` instead.
    with device_autocast_ctx, torch.cpu.amp.autocast(**cpu_autocast_kwargs), recompute_context:  # type: ignore[attr-defined]

tests/test_phase3_joint.py::test_training_fp_weights_frozen_and_joint_checkpoint_update
  /home/dongpeiyan/projects/rotation-quant/worktrees/SpinQuant-phase3-joint/train_utils/optimizer.py:196: UserWarning: This overload of add_ is deprecated:
  	add_(Number alpha, Tensor other)
  Consider using one of the following signatures instead:
  	add_(Tensor other, *, Number alpha = 1) (Triggered internally at ../torch/csrc/utils/python_arg_parser.cpp:1581.)
    p.data.add_(-group["lr"], d_p)

-- Docs: https://docs.pytest.org/en/stable/how-to/capture-warnings.html
- generated xml file: /home/dongpeiyan/projects/rotation-quant/runs/phase3/verifier/cpu-second-20260914.xml -
=========================== short test summary info ============================
FAILED tests/test_phase3_joint.py::test_route_a_sw_reset_only_at_current_rotation
FAILED tests/test_phase3_joint.py::test_frozen_eval_class_codes_and_identity_head_forward
FAILED tests/test_phase3_joint.py::test_frozen_calibration_isolated_to_sixteen_downs
FAILED tests/test_phase3_joint.py::test_frozen_cold_reload_recovers_weights_scales_and_output
FAILED tests/test_phase3_joint.py::test_reload_frozen_rejects_malformed_package[sw_negative]
FAILED tests/test_phase3_joint.py::test_reload_frozen_rejects_malformed_package[sw_shape]
FAILED tests/test_phase3_joint.py::test_reload_frozen_rejects_malformed_package[sw_nan]
FAILED tests/test_phase3_joint.py::test_reload_frozen_rejects_malformed_package[sa_negative]
FAILED tests/test_phase3_joint.py::test_reload_frozen_rejects_malformed_package[missing_head]
FAILED tests/test_phase3_joint.py::test_reload_frozen_rejects_malformed_package[format]
FAILED tests/test_phase3_joint.py::test_token_nll_fp32_chunking_and_tail_weighted_probe
11 failed, 32 passed, 27 warnings in 12.91s
