
==================================== ERRORS ====================================
_________________ ERROR collecting tests/test_phase3_joint.py __________________
../../../../miniconda3/envs/rotation-quant-p0/lib/python3.9/site-packages/_pytest/python.py:498: in importtestmodule
    mod = import_path(
../../../../miniconda3/envs/rotation-quant-p0/lib/python3.9/site-packages/_pytest/pathlib.py:587: in import_path
    importlib.import_module(module_name)
../../../../miniconda3/envs/rotation-quant-p0/lib/python3.9/importlib/__init__.py:127: in import_module
    return _bootstrap._gcd_import(name[level:], package, level)
<frozen importlib._bootstrap>:1030: in _gcd_import
    ???
<frozen importlib._bootstrap>:1007: in _find_and_load
    ???
<frozen importlib._bootstrap>:986: in _find_and_load_unlocked
    ???
<frozen importlib._bootstrap>:680: in _load_unlocked
    ???
../../../../miniconda3/envs/rotation-quant-p0/lib/python3.9/site-packages/_pytest/assertion/rewrite.py:177: in exec_module
    source_stat, co = _rewrite_test(fn, self.config)
../../../../miniconda3/envs/rotation-quant-p0/lib/python3.9/site-packages/_pytest/assertion/rewrite.py:357: in _rewrite_test
    tree = ast.parse(source, filename=strfn)
../../../../miniconda3/envs/rotation-quant-p0/lib/python3.9/ast.py:50: in parse
    return compile(source, filename, mode, flags,
E     File "/home/dongpeiyan/projects/rotation-quant/worktrees/SpinQuant-phase3-joint/tests/test_phase3_joint.py", line 2336
E       assert reference_state.read_bytes() == reference_bytes
E   IndentationError: unexpected indent
- generated xml file: /home/dongpeiyan/projects/rotation-quant/runs/phase3/verifier/cpu-local-d-first-20260914.xml -
=========================== short test summary info ============================
ERROR tests/test_phase3_joint.py
!!!!!!!!!!!!!!!!!!!! Interrupted: 1 error during collection !!!!!!!!!!!!!!!!!!!!
1 error in 0.38s
