..........F                                                              [100%]
=================================== FAILURES ===================================
__ test_postprocess_candidate_isolation_and_train_only_selection[probe-error] __

postprocess_toy = (Module(
  (model): Module(
    (layers): ModuleList(
      (0): Module(
        (mlp): Module(
          (up_proj): A...ype=torch.uint8), 'scale': tensor([[0.1250],
        [0.1250],
        [0.1250],
        [0.1250]]), 'shape': (4, 2)}})
tmp_path = PosixPath('/home/dongpeiyan/projects/rotation-quant/runs/phase3/verifier/pytest-postprocess-first-20260914/test_postprocess_candidate_iso2')
monkeypatch = <_pytest.monkeypatch.MonkeyPatch object at 0x7fd173241be0>
outcome = 'probe-error'

    @pytest.mark.parametrize("outcome", ["improves", "parent", "probe-error"])
    def test_postprocess_candidate_isolation_and_train_only_selection(postprocess_toy, tmp_path, monkeypatch, outcome):
        from experiments.phase3 import postprocess
    
        model, records = postprocess_toy
        before = cloned_state(model)
        record_before = copy.deepcopy(records)
        names = list(records)
        down_name = "model.layers.0.mlp.down_proj"
        original_scale = model.get_submodule(down_name).quantizer.scale.clone()
        first = dict(records[names[0]], packed=quantization.pack_int4(torch.zeros(records[names[0]]["shape"], dtype=torch.int8)))
        second = dict(records[names[1]], packed=quantization.pack_int4(torch.ones(records[names[1]]["shape"], dtype=torch.int8)))
        alpha = float(model.get_submodule(down_name).quantizer.alpha) * 2
        calibration_marker, probe_marker, validation_marker = object(), object(), object()
        samples_marker = object()
        events = []
        evaluation_count = []
        args = SimpleNamespace(output=tmp_path / "run", parent=tmp_path / "parent.pt", mode="round",
                               reference_state=tmp_path / "state.pt", top_modules=1)
    
        def capture(current, calibration):
            assert calibration is calibration_marker
            events.append("capture-train")
            return samples_marker
    
        def propose(current, parent_records, reference, samples, arguments):
            assert samples is samples_marker
            events.append("generate")
            return [("first", {names[0]: first}, {down_name: alpha}), ("second", {names[1]: second}, {})]
    
        def probe(current, windows):
            assert windows is probe_marker
            index = len(evaluation_count)
            evaluation_count.append(index)
            events.append("probe-" + str(index))
            if index == 0:
                assert_state_unchanged(current, before)
                return dict(nll=2.0)
            if index == 1:
                assert torch.equal(current.get_submodule(names[0]).weight, postprocess.dequant_record(first, "cpu", torch.float32))
                assert torch.equal(current.get_submodule(down_name).quantizer.scale, original_scale.new_tensor([alpha / 127]))
                if outcome == "probe-error":
                    raise RuntimeError("injected probe failure")
                return dict(nll=2.1)
            assert index == 2
            assert torch.equal(current.get_submodule(names[0]).weight, before[names[0] + ".module.weight"])
            assert torch.equal(current.get_submodule(down_name).quantizer.scale, original_scale)
            assert torch.equal(current.get_submodule(names[1]).weight, postprocess.dequant_record(second, "cpu", torch.float32))
            return dict(nll=1.9 if outcome == "improves" else 2.2)
    
        def validation(current, windows):
            assert windows is validation_marker and events[-1] == "probe-2"
            assert outcome == "improves"
            events.append("validation")
            assert torch.equal(current.get_submodule(names[0]).weight, before[names[0] + ".module.weight"])
            assert torch.equal(current.get_submodule(down_name).quantizer.scale, original_scale)
            return dict(nll=100.0, ppl=1e20)
    
        model.config = SimpleNamespace(to_dict=lambda: {})
        monkeypatch.setattr(postprocess, "data_windows", lambda output: ([], calibration_marker, probe_marker, validation_marker, {}))
        monkeypatch.setattr(postprocess, "reference_weights", lambda path: {})
        monkeypatch.setattr(postprocess, "load_static", lambda path: (model, records))
        monkeypatch.setattr(postprocess, "capture_inputs", capture)
        monkeypatch.setattr(postprocess, "rounding_candidates", propose)
        monkeypatch.setattr(postprocess, "evaluate", probe)
        monkeypatch.setattr(postprocess, "full_validation", validation)
        monkeypatch.setattr(postprocess, "progress", lambda *args, **kwargs: None)
        monkeypatch.setattr(postprocess, "source_record", lambda: {})
        monkeypatch.setattr(postprocess.subprocess, "check_output", lambda *args, **kwargs: b"")
        monkeypatch.setattr(postprocess.shutil, "copyfile", lambda *args, **kwargs: None)
        if outcome == "probe-error":
            with pytest.raises(RuntimeError, match="injected probe failure"):
                postprocess.run(args)
>           assert_state_unchanged(model, before)

tests/test_phase3_joint.py:1161: 
_ _ _ _ _ _ _ _ _ _ _ _ _ _ _ _ _ _ _ _ _ _ _ _ _ _ _ _ _ _ _ _ _ _ _ _ _ _ _ _ 

model = Module(
  (model): Module(
    (layers): ModuleList(
      (0): Module(
        (mlp): Module(
          (up_proj): Ac...      (quantizer): SP2Quantizer()
            (out_quantizer): ActQuantizer()
          )
        )
      )
    )
  )
)
before = {'model.layers.0.mlp.down_proj.module.weight': tensor([[-0.5000, -0.3750, -0.2500, -0.1250],
        [ 0.0000,  0.1250...: tensor(False), 'model.layers.0.mlp.down_proj.out_quantizer._static_encoding_code': tensor(-1, dtype=torch.int8), ...}

    def assert_state_unchanged(model, before):
        after = model.state_dict()
        assert set(after) == set(before)
        for name, value in before.items():
>           torch.testing.assert_close(after[name], value, rtol=0, atol=0, equal_nan=True, msg=name)
E           AssertionError: model.layers.0.mlp.up_proj.weight

tests/test_phase3_joint.py:78: AssertionError
=============================== warnings summary ===============================
tests/test_phase3_joint.py::test_postprocess_load_static_cold_exact_coverage_without_calibration
  /home/dongpeiyan/miniconda3/envs/rotation-quant-p0/lib/python3.9/site-packages/transformers/modeling_utils.py:4713: FutureWarning: `_is_quantized_training_enabled` is going to be deprecated in transformers 4.39.0. Please use `model.hf_quantizer.is_trainable` instead
    warnings.warn(

-- Docs: https://docs.pytest.org/en/stable/how-to/capture-warnings.html
- generated xml file: /home/dongpeiyan/projects/rotation-quant/runs/phase3/verifier/cpu-postprocess-first-20260914.xml -
=========================== short test summary info ============================
FAILED tests/test_phase3_joint.py::test_postprocess_candidate_isolation_and_train_only_selection[probe-error]
1 failed, 10 passed, 55 deselected, 1 warning in 7.25s
