{"stage": "loading-data", "pid": 3098418, "time": 1789693364.865892, "cuda_visible_devices": "5", "allocated_gib": 0.0, "reserved_gib": 0.0, "peak_allocated_gib": 0.0, "gpu_time_budget": null}
Token indices sequence length is longer than the specified maximum sequence length for this model (262337 > 2048). Running this sequence through the model will result in indexing errors
Loading checkpoint shards:   0%|          | 0/2 [00:00<?, ?it/s]Loading checkpoint shards:  50%|█████     | 1/2 [00:00<00:00,  1.57it/s]Loading checkpoint shards: 100%|██████████| 2/2 [00:00<00:00,  3.12it/s]
`loss_type=None` was set in the config but it is unrecognised.Using the default loss: `ForCausalLMLoss`.
/home/dongpeiyan/miniconda3/envs/rotation-quant-p0/lib/python3.9/site-packages/torch/utils/checkpoint.py:1399: FutureWarning: `torch.cpu.amp.autocast(args...)` is deprecated. Please use `torch.amp.autocast('cpu', args...)` instead.
  with device_autocast_ctx, torch.cpu.amp.autocast(**cpu_autocast_kwargs), recompute_context:  # type: ignore[attr-defined]
{"stage": "training", "pid": 3098418, "time": 1789693532.5300214, "cuda_visible_devices": "5", "allocated_gib": 3.847320079803467, "reserved_gib": 5.462890625, "peak_allocated_gib": 5.303725242614746, "gpu_time_budget": null, "step": 1, "total": 100, "loss": 5.913184940814972, "elapsed_seconds": 131.7160646970151}
{"stage": "training", "pid": 3098418, "time": 1789693664.8023458, "cuda_visible_devices": "5", "allocated_gib": 3.847320079803467, "reserved_gib": 5.46875, "peak_allocated_gib": 5.325491905212402, "gpu_time_budget": null, "step": 2, "total": 100, "loss": 4.777137339115143, "elapsed_seconds": 263.98837766307406}
{"stage": "training", "pid": 3098418, "time": 1789693796.4266493, "cuda_visible_devices": "5", "allocated_gib": 3.847320079803467, "reserved_gib": 5.46875, "peak_allocated_gib": 5.325491905212402, "gpu_time_budget": null, "step": 3, "total": 100, "loss": 4.088136434555054, "elapsed_seconds": 395.6126838399796}
{"stage": "training", "pid": 3098418, "time": 1789693929.5940175, "cuda_visible_devices": "5", "allocated_gib": 3.847320079803467, "reserved_gib": 5.46875, "peak_allocated_gib": 5.325491905212402, "gpu_time_budget": null, "step": 4, "total": 100, "loss": 3.574043929576874, "elapsed_seconds": 528.7800601510098}
{"stage": "training", "pid": 3098418, "time": 1789694063.504123, "cuda_visible_devices": "5", "allocated_gib": 3.847320079803467, "reserved_gib": 5.46875, "peak_allocated_gib": 5.325491905212402, "gpu_time_budget": null, "step": 5, "total": 100, "loss": 3.4421274960041046, "elapsed_seconds": 662.6901655850234}
{"stage": "training", "pid": 3098418, "time": 1789694212.3109515, "cuda_visible_devices": "5", "allocated_gib": 3.847320079803467, "reserved_gib": 5.46875, "peak_allocated_gib": 5.325491905212402, "gpu_time_budget": null, "step": 6, "total": 100, "loss": 3.3985374569892883, "elapsed_seconds": 811.4969869770575}
{"stage": "training", "pid": 3098418, "time": 1789694345.245116, "cuda_visible_devices": "5", "allocated_gib": 3.847320079803467, "reserved_gib": 5.46875, "peak_allocated_gib": 5.325491905212402, "gpu_time_budget": null, "step": 7, "total": 100, "loss": 3.379613697528839, "elapsed_seconds": 944.4311602259986}
{"stage": "training", "pid": 3098418, "time": 1789694477.844402, "cuda_visible_devices": "5", "allocated_gib": 3.847320079803467, "reserved_gib": 5.46875, "peak_allocated_gib": 5.325491905212402, "gpu_time_budget": null, "step": 8, "total": 100, "loss": 2.9422921538352966, "elapsed_seconds": 1077.030420850031}
{"stage": "training", "pid": 3098418, "time": 1789694616.205867, "cuda_visible_devices": "5", "allocated_gib": 3.847320079803467, "reserved_gib": 5.46875, "peak_allocated_gib": 5.325491905212402, "gpu_time_budget": null, "step": 9, "total": 100, "loss": 3.0659372210502625, "elapsed_seconds": 1215.3919041480403}
{"stage": "training", "pid": 3098418, "time": 1789694764.976449, "cuda_visible_devices": "5", "allocated_gib": 3.847320079803467, "reserved_gib": 5.46875, "peak_allocated_gib": 5.325491905212402, "gpu_time_budget": null, "step": 10, "total": 100, "loss": 2.9639110267162323, "elapsed_seconds": 1364.1624934250722}
{"stage": "training", "pid": 3098418, "time": 1789694903.1366491, "cuda_visible_devices": "5", "allocated_gib": 3.847320079803467, "reserved_gib": 5.46875, "peak_allocated_gib": 5.325491905212402, "gpu_time_budget": null, "step": 11, "total": 100, "loss": 2.9860874116420746, "elapsed_seconds": 1502.3226839919807}
{"stage": "training", "pid": 3098418, "time": 1789695035.7940671, "cuda_visible_devices": "5", "allocated_gib": 3.847320079803467, "reserved_gib": 5.46875, "peak_allocated_gib": 5.325491905212402, "gpu_time_budget": null, "step": 12, "total": 100, "loss": 3.086123824119568, "elapsed_seconds": 1634.98010489007}
{"stage": "training", "pid": 3098418, "time": 1789695168.275754, "cuda_visible_devices": "5", "allocated_gib": 3.847320079803467, "reserved_gib": 5.46875, "peak_allocated_gib": 5.325491905212402, "gpu_time_budget": null, "step": 13, "total": 100, "loss": 2.786111146211624, "elapsed_seconds": 1767.4617887230124}
{"stage": "training", "pid": 3098418, "time": 1789695302.0291708, "cuda_visible_devices": "5", "allocated_gib": 3.847320079803467, "reserved_gib": 5.46875, "peak_allocated_gib": 5.325491905212402, "gpu_time_budget": null, "step": 14, "total": 100, "loss": 2.9682998657226562, "elapsed_seconds": 1901.2152124900604}
{"stage": "training", "pid": 3098418, "time": 1789695434.7426858, "cuda_visible_devices": "5", "allocated_gib": 3.847320079803467, "reserved_gib": 5.46875, "peak_allocated_gib": 5.325491905212402, "gpu_time_budget": null, "step": 15, "total": 100, "loss": 2.7423605024814606, "elapsed_seconds": 2033.9287235110532}
{"stage": "training", "pid": 3098418, "time": 1789695567.3653238, "cuda_visible_devices": "5", "allocated_gib": 3.847320079803467, "reserved_gib": 5.46875, "peak_allocated_gib": 5.325491905212402, "gpu_time_budget": null, "step": 16, "total": 100, "loss": 2.7717401683330536, "elapsed_seconds": 2166.551353089977}
{"stage": "training", "pid": 3098418, "time": 1789695700.7829373, "cuda_visible_devices": "5", "allocated_gib": 3.847320079803467, "reserved_gib": 5.46875, "peak_allocated_gib": 5.325491905212402, "gpu_time_budget": null, "step": 17, "total": 100, "loss": 2.8955218493938446, "elapsed_seconds": 2299.968982381979}
{"stage": "training", "pid": 3098418, "time": 1789695833.287817, "cuda_visible_devices": "5", "allocated_gib": 3.847320079803467, "reserved_gib": 5.46875, "peak_allocated_gib": 5.325491905212402, "gpu_time_budget": null, "step": 18, "total": 100, "loss": 2.6293468177318573, "elapsed_seconds": 2432.473860819009}
{"stage": "training", "pid": 3098418, "time": 1789695965.7821352, "cuda_visible_devices": "5", "allocated_gib": 3.847320079803467, "reserved_gib": 5.46875, "peak_allocated_gib": 5.325491905212402, "gpu_time_budget": null, "step": 19, "total": 100, "loss": 2.7374022006988525, "elapsed_seconds": 2564.9681677520275}
{"stage": "training", "pid": 3098418, "time": 1789696098.639155, "cuda_visible_devices": "5", "allocated_gib": 3.847320079803467, "reserved_gib": 5.46875, "peak_allocated_gib": 5.325491905212402, "gpu_time_budget": null, "step": 20, "total": 100, "loss": 2.8411994576454163, "elapsed_seconds": 2697.8251966050593}
{"stage": "training", "pid": 3098418, "time": 1789696231.3068645, "cuda_visible_devices": "5", "allocated_gib": 3.847320079803467, "reserved_gib": 5.46875, "peak_allocated_gib": 5.325491905212402, "gpu_time_budget": null, "step": 21, "total": 100, "loss": 2.8129099011421204, "elapsed_seconds": 2830.492899980047}
{"stage": "training", "pid": 3098418, "time": 1789696363.3780248, "cuda_visible_devices": "5", "allocated_gib": 3.847320079803467, "reserved_gib": 5.46875, "peak_allocated_gib": 5.325491905212402, "gpu_time_budget": null, "step": 22, "total": 100, "loss": 2.9812881648540497, "elapsed_seconds": 2962.5640638939803}
{"stage": "training", "pid": 3098418, "time": 1789696495.4913983, "cuda_visible_devices": "5", "allocated_gib": 3.847320079803467, "reserved_gib": 5.46875, "peak_allocated_gib": 5.325491905212402, "gpu_time_budget": null, "step": 23, "total": 100, "loss": 2.89298740029335, "elapsed_seconds": 3094.677440098021}
{"stage": "training", "pid": 3098418, "time": 1789696627.9471323, "cuda_visible_devices": "5", "allocated_gib": 3.847320079803467, "reserved_gib": 5.46875, "peak_allocated_gib": 5.325491905212402, "gpu_time_budget": null, "step": 24, "total": 100, "loss": 2.665411576628685, "elapsed_seconds": 3227.1331696930574}
{"stage": "training", "pid": 3098418, "time": 1789696759.5440593, "cuda_visible_devices": "5", "allocated_gib": 3.847320079803467, "reserved_gib": 5.46875, "peak_allocated_gib": 5.325491905212402, "gpu_time_budget": null, "step": 25, "total": 100, "loss": 2.7997885048389435, "elapsed_seconds": 3358.730096842046}
{"stage": "training", "pid": 3098418, "time": 1789696890.928989, "cuda_visible_devices": "5", "allocated_gib": 3.847320079803467, "reserved_gib": 5.46875, "peak_allocated_gib": 5.325491905212402, "gpu_time_budget": null, "step": 26, "total": 100, "loss": 2.5786945670843124, "elapsed_seconds": 3490.1150207309984}
{"stage": "training", "pid": 3098418, "time": 1789697023.9273708, "cuda_visible_devices": "5", "allocated_gib": 3.847320079803467, "reserved_gib": 5.46875, "peak_allocated_gib": 5.325491905212402, "gpu_time_budget": null, "step": 27, "total": 100, "loss": 3.058925837278366, "elapsed_seconds": 3623.1134153270395}
{"stage": "training", "pid": 3098418, "time": 1789697155.624168, "cuda_visible_devices": "5", "allocated_gib": 3.847320079803467, "reserved_gib": 5.46875, "peak_allocated_gib": 5.325491905212402, "gpu_time_budget": null, "step": 28, "total": 100, "loss": 2.919339507818222, "elapsed_seconds": 3754.8102075869683}
{"stage": "training", "pid": 3098418, "time": 1789697287.7791107, "cuda_visible_devices": "5", "allocated_gib": 3.847320079803467, "reserved_gib": 5.46875, "peak_allocated_gib": 5.325491905212402, "gpu_time_budget": null, "step": 29, "total": 100, "loss": 2.8525382578372955, "elapsed_seconds": 3886.9651293890784}
{"stage": "training", "pid": 3098418, "time": 1789697421.3202138, "cuda_visible_devices": "5", "allocated_gib": 3.847320079803467, "reserved_gib": 5.46875, "peak_allocated_gib": 5.325491905212402, "gpu_time_budget": null, "step": 30, "total": 100, "loss": 3.077384352684021, "elapsed_seconds": 4020.5062420900213}
{"stage": "training", "pid": 3098418, "time": 1789697553.3018184, "cuda_visible_devices": "5", "allocated_gib": 3.847320079803467, "reserved_gib": 5.46875, "peak_allocated_gib": 5.325491905212402, "gpu_time_budget": null, "step": 31, "total": 100, "loss": 2.6670929193496704, "elapsed_seconds": 4152.487858550972}
{"stage": "training", "pid": 3098418, "time": 1789697693.0899837, "cuda_visible_devices": "5", "allocated_gib": 3.847320079803467, "reserved_gib": 5.46875, "peak_allocated_gib": 5.325491905212402, "gpu_time_budget": null, "step": 32, "total": 100, "loss": 3.0911571979522705, "elapsed_seconds": 4292.276017443975}
{"stage": "training", "pid": 3098418, "time": 1789697837.1688309, "cuda_visible_devices": "5", "allocated_gib": 3.847320079803467, "reserved_gib": 5.46875, "peak_allocated_gib": 5.325491905212402, "gpu_time_budget": null, "step": 33, "total": 100, "loss": 2.7818877398967743, "elapsed_seconds": 4436.35486845905}
{"stage": "training", "pid": 3098418, "time": 1789697973.991206, "cuda_visible_devices": "5", "allocated_gib": 3.847320079803467, "reserved_gib": 5.46875, "peak_allocated_gib": 5.325491905212402, "gpu_time_budget": null, "step": 34, "total": 100, "loss": 2.7887057065963745, "elapsed_seconds": 4573.177252524067}
{"stage": "training", "pid": 3098418, "time": 1789698105.618012, "cuda_visible_devices": "5", "allocated_gib": 3.847320079803467, "reserved_gib": 5.46875, "peak_allocated_gib": 5.325491905212402, "gpu_time_budget": null, "step": 35, "total": 100, "loss": 2.8232551217079163, "elapsed_seconds": 4704.804054623004}
{"stage": "training", "pid": 3098418, "time": 1789698236.80591, "cuda_visible_devices": "5", "allocated_gib": 3.847320079803467, "reserved_gib": 5.46875, "peak_allocated_gib": 5.325491905212402, "gpu_time_budget": null, "step": 36, "total": 100, "loss": 2.71878981590271, "elapsed_seconds": 4835.991942722001}
{"stage": "training", "pid": 3098418, "time": 1789698368.7560794, "cuda_visible_devices": "5", "allocated_gib": 3.847320079803467, "reserved_gib": 5.46875, "peak_allocated_gib": 5.325491905212402, "gpu_time_budget": null, "step": 37, "total": 100, "loss": 2.7064894139766693, "elapsed_seconds": 4967.942127534072}
{"stage": "training", "pid": 3098418, "time": 1789698501.0025947, "cuda_visible_devices": "5", "allocated_gib": 3.847320079803467, "reserved_gib": 5.46875, "peak_allocated_gib": 5.325491905212402, "gpu_time_budget": null, "step": 38, "total": 100, "loss": 2.723624736070633, "elapsed_seconds": 5100.188625407056}
{"stage": "training", "pid": 3098418, "time": 1789698632.2165885, "cuda_visible_devices": "5", "allocated_gib": 3.847320079803467, "reserved_gib": 5.46875, "peak_allocated_gib": 5.325491905212402, "gpu_time_budget": null, "step": 39, "total": 100, "loss": 2.8375341296195984, "elapsed_seconds": 5231.4026319370605}
{"stage": "training", "pid": 3098418, "time": 1789698763.482061, "cuda_visible_devices": "5", "allocated_gib": 3.847320079803467, "reserved_gib": 5.46875, "peak_allocated_gib": 5.325491905212402, "gpu_time_budget": null, "step": 40, "total": 100, "loss": 2.665574997663498, "elapsed_seconds": 5362.668102536001}
{"stage": "training", "pid": 3098418, "time": 1789698896.2724755, "cuda_visible_devices": "5", "allocated_gib": 3.847320079803467, "reserved_gib": 5.46875, "peak_allocated_gib": 5.325491905212402, "gpu_time_budget": null, "step": 41, "total": 100, "loss": 2.5171638429164886, "elapsed_seconds": 5495.458517104969}
{"stage": "training", "pid": 3098418, "time": 1789699027.6292393, "cuda_visible_devices": "5", "allocated_gib": 3.847320079803467, "reserved_gib": 5.46875, "peak_allocated_gib": 5.325491905212402, "gpu_time_budget": null, "step": 42, "total": 100, "loss": 2.8263109028339386, "elapsed_seconds": 5626.815280455048}
{"stage": "training", "pid": 3098418, "time": 1789699160.6222944, "cuda_visible_devices": "5", "allocated_gib": 3.847320079803467, "reserved_gib": 5.46875, "peak_allocated_gib": 5.325491905212402, "gpu_time_budget": null, "step": 43, "total": 100, "loss": 2.7041150629520416, "elapsed_seconds": 5759.808334075031}
{"stage": "training", "pid": 3098418, "time": 1789699307.268695, "cuda_visible_devices": "5", "allocated_gib": 3.847320079803467, "reserved_gib": 5.46875, "peak_allocated_gib": 5.325491905212402, "gpu_time_budget": null, "step": 44, "total": 100, "loss": 2.7112889289855957, "elapsed_seconds": 5906.454732898972}
{"stage": "training", "pid": 3098418, "time": 1789699439.8664076, "cuda_visible_devices": "5", "allocated_gib": 3.847320079803467, "reserved_gib": 5.46875, "peak_allocated_gib": 5.325491905212402, "gpu_time_budget": null, "step": 45, "total": 100, "loss": 2.724875271320343, "elapsed_seconds": 6039.052436084021}
{"stage": "training", "pid": 3098418, "time": 1789699572.143375, "cuda_visible_devices": "5", "allocated_gib": 3.847320079803467, "reserved_gib": 5.46875, "peak_allocated_gib": 5.325491905212402, "gpu_time_budget": null, "step": 46, "total": 100, "loss": 2.6080793142318726, "elapsed_seconds": 6171.329411116079}
{"stage": "training", "pid": 3098418, "time": 1789699704.2765405, "cuda_visible_devices": "5", "allocated_gib": 3.847320079803467, "reserved_gib": 5.46875, "peak_allocated_gib": 5.325491905212402, "gpu_time_budget": null, "step": 47, "total": 100, "loss": 2.91425883769989, "elapsed_seconds": 6303.462577198981}
{"stage": "training", "pid": 3098418, "time": 1789699836.1412888, "cuda_visible_devices": "5", "allocated_gib": 3.847320079803467, "reserved_gib": 5.46875, "peak_allocated_gib": 5.325491905212402, "gpu_time_budget": null, "step": 48, "total": 100, "loss": 2.596915125846863, "elapsed_seconds": 6435.327328594052}
{"stage": "training", "pid": 3098418, "time": 1789699968.3168879, "cuda_visible_devices": "5", "allocated_gib": 3.847320079803467, "reserved_gib": 5.46875, "peak_allocated_gib": 5.325491905212402, "gpu_time_budget": null, "step": 49, "total": 100, "loss": 2.716117814183235, "elapsed_seconds": 6567.502924122033}
{"stage": "training", "pid": 3098418, "time": 1789700100.9712262, "cuda_visible_devices": "5", "allocated_gib": 3.847320079803467, "reserved_gib": 5.46875, "peak_allocated_gib": 5.325491905212402, "gpu_time_budget": null, "step": 50, "total": 100, "loss": 2.6949674785137177, "elapsed_seconds": 6700.157267405069}
{"stage": "training", "pid": 3098418, "time": 1789700232.845865, "cuda_visible_devices": "5", "allocated_gib": 3.847320079803467, "reserved_gib": 5.46875, "peak_allocated_gib": 5.325491905212402, "gpu_time_budget": null, "step": 51, "total": 100, "loss": 2.757370889186859, "elapsed_seconds": 6832.031905748998}
{"stage": "training", "pid": 3098418, "time": 1789700364.6314635, "cuda_visible_devices": "5", "allocated_gib": 3.847320079803467, "reserved_gib": 5.46875, "peak_allocated_gib": 5.325491905212402, "gpu_time_budget": null, "step": 52, "total": 100, "loss": 2.6401268243789673, "elapsed_seconds": 6963.817484398023}
{"stage": "training", "pid": 3098418, "time": 1789700495.719836, "cuda_visible_devices": "5", "allocated_gib": 3.847320079803467, "reserved_gib": 5.46875, "peak_allocated_gib": 5.325491905212402, "gpu_time_budget": null, "step": 53, "total": 100, "loss": 2.822048455476761, "elapsed_seconds": 7094.905873317039}
{"stage": "training", "pid": 3098418, "time": 1789700628.8282077, "cuda_visible_devices": "5", "allocated_gib": 3.847320079803467, "reserved_gib": 5.46875, "peak_allocated_gib": 5.325491905212402, "gpu_time_budget": null, "step": 54, "total": 100, "loss": 2.7986246049404144, "elapsed_seconds": 7228.01424424001}
{"stage": "training", "pid": 3098418, "time": 1789700760.4861684, "cuda_visible_devices": "5", "allocated_gib": 3.847320079803467, "reserved_gib": 5.46875, "peak_allocated_gib": 5.325491905212402, "gpu_time_budget": null, "step": 55, "total": 100, "loss": 2.8435932993888855, "elapsed_seconds": 7359.672203424037}
{"stage": "training", "pid": 3098418, "time": 1789700891.9325545, "cuda_visible_devices": "5", "allocated_gib": 3.847320079803467, "reserved_gib": 5.46875, "peak_allocated_gib": 5.325491905212402, "gpu_time_budget": null, "step": 56, "total": 100, "loss": 2.697877526283264, "elapsed_seconds": 7491.118588156067}
{"stage": "training", "pid": 3098418, "time": 1789701024.427335, "cuda_visible_devices": "5", "allocated_gib": 3.847320079803467, "reserved_gib": 5.46875, "peak_allocated_gib": 5.325491905212402, "gpu_time_budget": null, "step": 57, "total": 100, "loss": 2.667428284883499, "elapsed_seconds": 7623.613368913066}
{"stage": "training", "pid": 3098418, "time": 1789701155.5394208, "cuda_visible_devices": "5", "allocated_gib": 3.847320079803467, "reserved_gib": 5.46875, "peak_allocated_gib": 5.325491905212402, "gpu_time_budget": null, "step": 58, "total": 100, "loss": 2.576090157032013, "elapsed_seconds": 7754.725452699}
{"stage": "training", "pid": 3098418, "time": 1789701286.9469042, "cuda_visible_devices": "5", "allocated_gib": 3.847320079803467, "reserved_gib": 5.46875, "peak_allocated_gib": 5.325491905212402, "gpu_time_budget": null, "step": 59, "total": 100, "loss": 2.754404604434967, "elapsed_seconds": 7886.132934728987}
{"stage": "training", "pid": 3098418, "time": 1789701425.531046, "cuda_visible_devices": "5", "allocated_gib": 3.847320079803467, "reserved_gib": 5.46875, "peak_allocated_gib": 5.325491905212402, "gpu_time_budget": null, "step": 60, "total": 100, "loss": 2.6620207130908966, "elapsed_seconds": 8024.717089215992}
{"stage": "training", "pid": 3098418, "time": 1789701567.6451328, "cuda_visible_devices": "5", "allocated_gib": 3.847320079803467, "reserved_gib": 5.46875, "peak_allocated_gib": 5.325491905212402, "gpu_time_budget": null, "step": 61, "total": 100, "loss": 2.8208119571208954, "elapsed_seconds": 8166.831175298081}
{"stage": "training", "pid": 3098418, "time": 1789701709.8475046, "cuda_visible_devices": "5", "allocated_gib": 3.847320079803467, "reserved_gib": 5.46875, "peak_allocated_gib": 5.325491905212402, "gpu_time_budget": null, "step": 62, "total": 100, "loss": 2.6331445574760437, "elapsed_seconds": 8309.033542614081}
{"stage": "training", "pid": 3098418, "time": 1789701843.4191508, "cuda_visible_devices": "5", "allocated_gib": 3.847320079803467, "reserved_gib": 5.46875, "peak_allocated_gib": 5.325491905212402, "gpu_time_budget": null, "step": 63, "total": 100, "loss": 2.605861008167267, "elapsed_seconds": 8442.605190788046}
{"stage": "training", "pid": 3098418, "time": 1789701985.0478952, "cuda_visible_devices": "5", "allocated_gib": 3.847320079803467, "reserved_gib": 5.46875, "peak_allocated_gib": 5.325491905212402, "gpu_time_budget": null, "step": 64, "total": 100, "loss": 2.6549456119537354, "elapsed_seconds": 8584.233931379975}
{"stage": "training", "pid": 3098418, "time": 1789702123.8387206, "cuda_visible_devices": "5", "allocated_gib": 3.847320079803467, "reserved_gib": 5.46875, "peak_allocated_gib": 5.325491905212402, "gpu_time_budget": null, "step": 65, "total": 100, "loss": 2.7824450731277466, "elapsed_seconds": 8723.024756775005}
{"stage": "training", "pid": 3098418, "time": 1789702254.8735769, "cuda_visible_devices": "5", "allocated_gib": 3.847320079803467, "reserved_gib": 5.46875, "peak_allocated_gib": 5.325491905212402, "gpu_time_budget": null, "step": 66, "total": 100, "loss": 2.78830748796463, "elapsed_seconds": 8854.059614925063}
{"stage": "training", "pid": 3098418, "time": 1789702395.1640217, "cuda_visible_devices": "5", "allocated_gib": 3.847320079803467, "reserved_gib": 5.46875, "peak_allocated_gib": 5.325491905212402, "gpu_time_budget": null, "step": 67, "total": 100, "loss": 2.8308893740177155, "elapsed_seconds": 8994.350059350021}
{"stage": "training", "pid": 3098418, "time": 1789702541.709302, "cuda_visible_devices": "5", "allocated_gib": 3.847320079803467, "reserved_gib": 5.46875, "peak_allocated_gib": 5.325491905212402, "gpu_time_budget": null, "step": 68, "total": 100, "loss": 2.7065479159355164, "elapsed_seconds": 9140.895333206048}
{"stage": "training", "pid": 3098418, "time": 1789702688.5803216, "cuda_visible_devices": "5", "allocated_gib": 3.847320079803467, "reserved_gib": 5.46875, "peak_allocated_gib": 5.325491905212402, "gpu_time_budget": null, "step": 69, "total": 100, "loss": 2.5763188898563385, "elapsed_seconds": 9287.76635507308}
{"stage": "training", "pid": 3098418, "time": 1789702833.18314, "cuda_visible_devices": "5", "allocated_gib": 3.847320079803467, "reserved_gib": 5.46875, "peak_allocated_gib": 5.325491905212402, "gpu_time_budget": null, "step": 70, "total": 100, "loss": 2.862377643585205, "elapsed_seconds": 9432.369169566082}
{"stage": "training", "pid": 3098418, "time": 1789702981.4475994, "cuda_visible_devices": "5", "allocated_gib": 3.847320079803467, "reserved_gib": 5.46875, "peak_allocated_gib": 5.325491905212402, "gpu_time_budget": null, "step": 71, "total": 100, "loss": 2.2849974185228348, "elapsed_seconds": 9580.633633787045}
{"stage": "training", "pid": 3098418, "time": 1789703128.280517, "cuda_visible_devices": "5", "allocated_gib": 3.847320079803467, "reserved_gib": 5.46875, "peak_allocated_gib": 5.325491905212402, "gpu_time_budget": null, "step": 72, "total": 100, "loss": 2.6767648458480835, "elapsed_seconds": 9727.466555283056}
{"stage": "training", "pid": 3098418, "time": 1789703275.427378, "cuda_visible_devices": "5", "allocated_gib": 3.847320079803467, "reserved_gib": 5.46875, "peak_allocated_gib": 5.325491905212402, "gpu_time_budget": null, "step": 73, "total": 100, "loss": 2.5494095981121063, "elapsed_seconds": 9874.613418590976}
{"stage": "training", "pid": 3098418, "time": 1789703418.7083051, "cuda_visible_devices": "5", "allocated_gib": 3.847320079803467, "reserved_gib": 5.46875, "peak_allocated_gib": 5.325491905212402, "gpu_time_budget": null, "step": 74, "total": 100, "loss": 2.877950131893158, "elapsed_seconds": 10017.894341420033}
{"stage": "training", "pid": 3098418, "time": 1789703551.0616267, "cuda_visible_devices": "5", "allocated_gib": 3.847320079803467, "reserved_gib": 5.46875, "peak_allocated_gib": 5.325491905212402, "gpu_time_budget": null, "step": 75, "total": 100, "loss": 2.73093518614769, "elapsed_seconds": 10150.247667310061}
{"stage": "training", "pid": 3098418, "time": 1789703683.6280134, "cuda_visible_devices": "5", "allocated_gib": 3.847320079803467, "reserved_gib": 5.46875, "peak_allocated_gib": 5.325491905212402, "gpu_time_budget": null, "step": 76, "total": 100, "loss": 2.592287302017212, "elapsed_seconds": 10282.814055665047}
{"stage": "training", "pid": 3098418, "time": 1789703815.1420422, "cuda_visible_devices": "5", "allocated_gib": 3.847320079803467, "reserved_gib": 5.46875, "peak_allocated_gib": 5.325491905212402, "gpu_time_budget": null, "step": 77, "total": 100, "loss": 2.8201585710048676, "elapsed_seconds": 10414.328082681983}
{"stage": "training", "pid": 3098418, "time": 1789703948.1487143, "cuda_visible_devices": "5", "allocated_gib": 3.847320079803467, "reserved_gib": 5.46875, "peak_allocated_gib": 5.325491905212402, "gpu_time_budget": null, "step": 78, "total": 100, "loss": 2.6241928339004517, "elapsed_seconds": 10547.334750239039}
{"stage": "training", "pid": 3098418, "time": 1789704080.8718784, "cuda_visible_devices": "5", "allocated_gib": 3.847320079803467, "reserved_gib": 5.46875, "peak_allocated_gib": 5.325491905212402, "gpu_time_budget": null, "step": 79, "total": 100, "loss": 2.6073200404644012, "elapsed_seconds": 10680.057914474048}
{"stage": "training", "pid": 3098418, "time": 1789704212.8721225, "cuda_visible_devices": "5", "allocated_gib": 3.847320079803467, "reserved_gib": 5.46875, "peak_allocated_gib": 5.325491905212402, "gpu_time_budget": null, "step": 80, "total": 100, "loss": 2.335651934146881, "elapsed_seconds": 10812.058162763016}
{"stage": "training", "pid": 3098418, "time": 1789704346.2756865, "cuda_visible_devices": "5", "allocated_gib": 3.847320079803467, "reserved_gib": 5.46875, "peak_allocated_gib": 5.325491905212402, "gpu_time_budget": null, "step": 81, "total": 100, "loss": 2.5704940855503082, "elapsed_seconds": 10945.461722820066}
{"stage": "training", "pid": 3098418, "time": 1789704478.8338463, "cuda_visible_devices": "5", "allocated_gib": 3.847320079803467, "reserved_gib": 5.46875, "peak_allocated_gib": 5.325491905212402, "gpu_time_budget": null, "step": 82, "total": 100, "loss": 2.9052102863788605, "elapsed_seconds": 11078.019885831978}
{"stage": "training", "pid": 3098418, "time": 1789704610.4731917, "cuda_visible_devices": "5", "allocated_gib": 3.847320079803467, "reserved_gib": 5.46875, "peak_allocated_gib": 5.325491905212402, "gpu_time_budget": null, "step": 83, "total": 100, "loss": 2.5680191814899445, "elapsed_seconds": 11209.65923449106}
{"stage": "training", "pid": 3098418, "time": 1789704752.260709, "cuda_visible_devices": "5", "allocated_gib": 3.847320079803467, "reserved_gib": 5.46875, "peak_allocated_gib": 5.325491905212402, "gpu_time_budget": null, "step": 84, "total": 100, "loss": 2.6604274809360504, "elapsed_seconds": 11351.446746006026}
{"stage": "training", "pid": 3098418, "time": 1789704899.3492754, "cuda_visible_devices": "5", "allocated_gib": 3.847320079803467, "reserved_gib": 5.46875, "peak_allocated_gib": 5.325491905212402, "gpu_time_budget": null, "step": 85, "total": 100, "loss": 2.9182233810424805, "elapsed_seconds": 11498.535315859015}
{"stage": "training", "pid": 3098418, "time": 1789705044.9319837, "cuda_visible_devices": "5", "allocated_gib": 3.847320079803467, "reserved_gib": 5.46875, "peak_allocated_gib": 5.325491905212402, "gpu_time_budget": null, "step": 86, "total": 100, "loss": 2.724257618188858, "elapsed_seconds": 11644.11802726204}
{"stage": "training", "pid": 3098418, "time": 1789705191.1057804, "cuda_visible_devices": "5", "allocated_gib": 3.847320079803467, "reserved_gib": 5.46875, "peak_allocated_gib": 5.325491905212402, "gpu_time_budget": null, "step": 87, "total": 100, "loss": 2.84735569357872, "elapsed_seconds": 11790.291824683081}
{"stage": "training", "pid": 3098418, "time": 1789705338.930454, "cuda_visible_devices": "5", "allocated_gib": 3.847320079803467, "reserved_gib": 5.46875, "peak_allocated_gib": 5.325491905212402, "gpu_time_budget": null, "step": 88, "total": 100, "loss": 2.5448354184627533, "elapsed_seconds": 11938.116488890024}
{"stage": "training", "pid": 3098418, "time": 1789705485.4960287, "cuda_visible_devices": "5", "allocated_gib": 3.847320079803467, "reserved_gib": 5.46875, "peak_allocated_gib": 5.325491905212402, "gpu_time_budget": null, "step": 89, "total": 100, "loss": 2.9632404148578644, "elapsed_seconds": 12084.682066912996}
{"stage": "training", "pid": 3098418, "time": 1789705632.3829563, "cuda_visible_devices": "5", "allocated_gib": 3.847320079803467, "reserved_gib": 5.46875, "peak_allocated_gib": 5.325491905212402, "gpu_time_budget": null, "step": 90, "total": 100, "loss": 2.5170600414276123, "elapsed_seconds": 12231.568993636989}
{"stage": "training", "pid": 3098418, "time": 1789705779.3344145, "cuda_visible_devices": "5", "allocated_gib": 3.847320079803467, "reserved_gib": 5.46875, "peak_allocated_gib": 5.325491905212402, "gpu_time_budget": null, "step": 91, "total": 100, "loss": 2.2998996675014496, "elapsed_seconds": 12378.52044582006}
{"stage": "training", "pid": 3098418, "time": 1789705926.1107497, "cuda_visible_devices": "5", "allocated_gib": 3.847320079803467, "reserved_gib": 5.46875, "peak_allocated_gib": 5.325491905212402, "gpu_time_budget": null, "step": 92, "total": 100, "loss": 2.653793603181839, "elapsed_seconds": 12525.296789356042}
{"stage": "training", "pid": 3098418, "time": 1789706073.1122644, "cuda_visible_devices": "5", "allocated_gib": 3.847320079803467, "reserved_gib": 5.46875, "peak_allocated_gib": 5.325491905212402, "gpu_time_budget": null, "step": 93, "total": 100, "loss": 2.822489023208618, "elapsed_seconds": 12672.298300086055}
{"stage": "training", "pid": 3098418, "time": 1789706219.8368077, "cuda_visible_devices": "5", "allocated_gib": 3.847320079803467, "reserved_gib": 5.46875, "peak_allocated_gib": 5.325491905212402, "gpu_time_budget": null, "step": 94, "total": 100, "loss": 2.728072762489319, "elapsed_seconds": 12819.022849383997}
{"stage": "training", "pid": 3098418, "time": 1789706367.1514666, "cuda_visible_devices": "5", "allocated_gib": 3.847320079803467, "reserved_gib": 5.46875, "peak_allocated_gib": 5.325491905212402, "gpu_time_budget": null, "step": 95, "total": 100, "loss": 2.551449239253998, "elapsed_seconds": 12966.337502332055}
{"stage": "training", "pid": 3098418, "time": 1789706510.6811159, "cuda_visible_devices": "5", "allocated_gib": 3.847320079803467, "reserved_gib": 5.46875, "peak_allocated_gib": 5.325491905212402, "gpu_time_budget": null, "step": 96, "total": 100, "loss": 2.397903099656105, "elapsed_seconds": 13109.867142311065}
{"stage": "training", "pid": 3098418, "time": 1789706653.8722103, "cuda_visible_devices": "5", "allocated_gib": 3.847320079803467, "reserved_gib": 5.46875, "peak_allocated_gib": 5.325491905212402, "gpu_time_budget": null, "step": 97, "total": 100, "loss": 2.937267780303955, "elapsed_seconds": 13253.058251062059}
{"stage": "training", "pid": 3098418, "time": 1789706796.004617, "cuda_visible_devices": "5", "allocated_gib": 3.847320079803467, "reserved_gib": 5.46875, "peak_allocated_gib": 5.325491905212402, "gpu_time_budget": null, "step": 98, "total": 100, "loss": 2.8311185240745544, "elapsed_seconds": 13395.190653278027}
{"stage": "training", "pid": 3098418, "time": 1789706929.913578, "cuda_visible_devices": "5", "allocated_gib": 3.847320079803467, "reserved_gib": 5.46875, "peak_allocated_gib": 5.325491905212402, "gpu_time_budget": null, "step": 99, "total": 100, "loss": 2.5381202399730682, "elapsed_seconds": 13529.099605272058}
{"stage": "training", "pid": 3098418, "time": 1789707062.1100502, "cuda_visible_devices": "5", "allocated_gib": 3.847320079803467, "reserved_gib": 5.46875, "peak_allocated_gib": 5.325491905212402, "gpu_time_budget": null, "step": 100, "total": 100, "loss": 2.5085167288780212, "elapsed_seconds": 13661.296074687969}
{"stage": "freeze-and-calibrate", "pid": 3098418, "time": 1789707084.2132459, "cuda_visible_devices": "5", "allocated_gib": 3.847320079803467, "reserved_gib": 5.46875, "peak_allocated_gib": 5.325491905212402, "gpu_time_budget": null, "step": 100}
Loading checkpoint shards:   0%|          | 0/2 [00:00<?, ?it/s]Loading checkpoint shards:  50%|█████     | 1/2 [00:00<00:00,  1.13it/s]Loading checkpoint shards: 100%|██████████| 2/2 [00:00<00:00,  2.25it/s]
{"stage": "full-validation", "pid": 3098418, "time": 1789707121.6508265, "cuda_visible_devices": "5", "allocated_gib": 7.634613990783691, "reserved_gib": 10.685546875, "peak_allocated_gib": 8.515288829803467, "gpu_time_budget": null, "step": 100}
Evaluation segment 1/2: start=0, windows=128, seqlen=2048
Evaluation segment 2/2: start=262144, windows=1, seqlen=193
{"stage": "checkpoint-completed", "pid": 3098418, "time": 1789707155.1842017, "cuda_visible_devices": "5", "allocated_gib": 3.847320079803467, "reserved_gib": 3.9765625, "peak_allocated_gib": 9.380706310272217, "gpu_time_budget": null, "step": 100, "nll": 2.7921725462471594, "ppl": 16.316429520957282}
{"stage": "completed", "pid": 3098418, "time": 1789707155.1929233, "cuda_visible_devices": "5", "allocated_gib": 3.847320079803467, "reserved_gib": 3.9765625, "peak_allocated_gib": 9.380706310272217, "gpu_time_budget": null, "steps": 100, "elapsed_seconds": 13754.378974883002}
