{"stage": "loading-data", "pid": 3089096, "time": 1789693243.7242832, "cuda_visible_devices": "2", "allocated_gib": 0.0, "reserved_gib": 0.0, "peak_allocated_gib": 0.0, "gpu_time_budget": null}
Token indices sequence length is longer than the specified maximum sequence length for this model (262337 > 2048). Running this sequence through the model will result in indexing errors
Loading checkpoint shards:   0%|          | 0/2 [00:00<?, ?it/s]Loading checkpoint shards:  50%|█████     | 1/2 [00:00<00:00,  5.14it/s]Loading checkpoint shards: 100%|██████████| 2/2 [00:00<00:00, 10.13it/s]
`loss_type=None` was set in the config but it is unrecognised.Using the default loss: `ForCausalLMLoss`.
/home/dongpeiyan/miniconda3/envs/rotation-quant-p0/lib/python3.9/site-packages/torch/utils/checkpoint.py:1399: FutureWarning: `torch.cpu.amp.autocast(args...)` is deprecated. Please use `torch.amp.autocast('cpu', args...)` instead.
  with device_autocast_ctx, torch.cpu.amp.autocast(**cpu_autocast_kwargs), recompute_context:  # type: ignore[attr-defined]
{"stage": "training", "pid": 3089096, "time": 1789693398.3432398, "cuda_visible_devices": "2", "allocated_gib": 3.847320079803467, "reserved_gib": 5.462890625, "peak_allocated_gib": 5.303725242614746, "gpu_time_budget": null, "step": 1, "total": 100, "loss": 5.360586911439896, "elapsed_seconds": 120.83682149008382}
{"stage": "training", "pid": 3089096, "time": 1789693518.9319553, "cuda_visible_devices": "2", "allocated_gib": 3.847320079803467, "reserved_gib": 5.46875, "peak_allocated_gib": 5.325491905212402, "gpu_time_budget": null, "step": 2, "total": 100, "loss": 5.369895279407501, "elapsed_seconds": 241.42554628907237}
{"stage": "training", "pid": 3089096, "time": 1789693638.9525917, "cuda_visible_devices": "2", "allocated_gib": 3.847320079803467, "reserved_gib": 5.46875, "peak_allocated_gib": 5.325491905212402, "gpu_time_budget": null, "step": 3, "total": 100, "loss": 4.080764293670654, "elapsed_seconds": 361.44616816099733}
{"stage": "training", "pid": 3089096, "time": 1789693759.6884854, "cuda_visible_devices": "2", "allocated_gib": 3.847320079803467, "reserved_gib": 5.46875, "peak_allocated_gib": 5.325491905212402, "gpu_time_budget": null, "step": 4, "total": 100, "loss": 3.5768812596797943, "elapsed_seconds": 482.1820373330265}
{"stage": "training", "pid": 3089096, "time": 1789693880.7572877, "cuda_visible_devices": "2", "allocated_gib": 3.847320079803467, "reserved_gib": 5.46875, "peak_allocated_gib": 5.325491905212402, "gpu_time_budget": null, "step": 5, "total": 100, "loss": 3.3736288845539093, "elapsed_seconds": 603.2508722550701}
{"stage": "training", "pid": 3089096, "time": 1789694001.4136143, "cuda_visible_devices": "2", "allocated_gib": 3.847320079803467, "reserved_gib": 5.46875, "peak_allocated_gib": 5.325491905212402, "gpu_time_budget": null, "step": 6, "total": 100, "loss": 3.3672160506248474, "elapsed_seconds": 723.9071968680946}
{"stage": "training", "pid": 3089096, "time": 1789694134.9865992, "cuda_visible_devices": "2", "allocated_gib": 3.847320079803467, "reserved_gib": 5.46875, "peak_allocated_gib": 5.325491905212402, "gpu_time_budget": null, "step": 7, "total": 100, "loss": 3.4014965295791626, "elapsed_seconds": 857.4801808020566}
{"stage": "training", "pid": 3089096, "time": 1789694268.2910743, "cuda_visible_devices": "2", "allocated_gib": 3.847320079803467, "reserved_gib": 5.46875, "peak_allocated_gib": 5.325491905212402, "gpu_time_budget": null, "step": 8, "total": 100, "loss": 2.9695598483085632, "elapsed_seconds": 990.7846493209945}
{"stage": "training", "pid": 3089096, "time": 1789694388.7985866, "cuda_visible_devices": "2", "allocated_gib": 3.847320079803467, "reserved_gib": 5.46875, "peak_allocated_gib": 5.325491905212402, "gpu_time_budget": null, "step": 9, "total": 100, "loss": 3.09081894159317, "elapsed_seconds": 1111.2921714331023}
{"stage": "training", "pid": 3089096, "time": 1789694510.1365683, "cuda_visible_devices": "2", "allocated_gib": 3.847320079803467, "reserved_gib": 5.46875, "peak_allocated_gib": 5.325491905212402, "gpu_time_budget": null, "step": 10, "total": 100, "loss": 2.967982769012451, "elapsed_seconds": 1232.6301528550684}
{"stage": "training", "pid": 3089096, "time": 1789694643.438311, "cuda_visible_devices": "2", "allocated_gib": 3.847320079803467, "reserved_gib": 5.46875, "peak_allocated_gib": 5.325491905212402, "gpu_time_budget": null, "step": 11, "total": 100, "loss": 2.9715489745140076, "elapsed_seconds": 1365.9318847750546}
{"stage": "training", "pid": 3089096, "time": 1789694786.424779, "cuda_visible_devices": "2", "allocated_gib": 3.847320079803467, "reserved_gib": 5.46875, "peak_allocated_gib": 5.325491905212402, "gpu_time_budget": null, "step": 12, "total": 100, "loss": 3.048014223575592, "elapsed_seconds": 1508.918358360068}
{"stage": "training", "pid": 3089096, "time": 1789694912.1808767, "cuda_visible_devices": "2", "allocated_gib": 3.847320079803467, "reserved_gib": 5.46875, "peak_allocated_gib": 5.325491905212402, "gpu_time_budget": null, "step": 13, "total": 100, "loss": 2.7720380425453186, "elapsed_seconds": 1634.6744402290788}
{"stage": "training", "pid": 3089096, "time": 1789695034.6481721, "cuda_visible_devices": "2", "allocated_gib": 3.847320079803467, "reserved_gib": 5.46875, "peak_allocated_gib": 5.325491905212402, "gpu_time_budget": null, "step": 14, "total": 100, "loss": 2.9804398715496063, "elapsed_seconds": 1757.1417384560918}
{"stage": "training", "pid": 3089096, "time": 1789695156.5086272, "cuda_visible_devices": "2", "allocated_gib": 3.847320079803467, "reserved_gib": 5.46875, "peak_allocated_gib": 5.325491905212402, "gpu_time_budget": null, "step": 15, "total": 100, "loss": 2.7362046241760254, "elapsed_seconds": 1879.0021699380595}
{"stage": "training", "pid": 3089096, "time": 1789695283.567198, "cuda_visible_devices": "2", "allocated_gib": 3.847320079803467, "reserved_gib": 5.46875, "peak_allocated_gib": 5.325491905212402, "gpu_time_budget": null, "step": 16, "total": 100, "loss": 2.792792648077011, "elapsed_seconds": 2006.060760394088}
{"stage": "training", "pid": 3089096, "time": 1789695416.154237, "cuda_visible_devices": "2", "allocated_gib": 3.847320079803467, "reserved_gib": 5.46875, "peak_allocated_gib": 5.325491905212402, "gpu_time_budget": null, "step": 17, "total": 100, "loss": 2.8898900151252747, "elapsed_seconds": 2138.6478022710653}
{"stage": "training", "pid": 3089096, "time": 1789695547.7790415, "cuda_visible_devices": "2", "allocated_gib": 3.847320079803467, "reserved_gib": 5.46875, "peak_allocated_gib": 5.325491905212402, "gpu_time_budget": null, "step": 18, "total": 100, "loss": 2.613292098045349, "elapsed_seconds": 2270.2726045290474}
{"stage": "training", "pid": 3089096, "time": 1789695680.0015495, "cuda_visible_devices": "2", "allocated_gib": 3.847320079803467, "reserved_gib": 5.46875, "peak_allocated_gib": 5.325491905212402, "gpu_time_budget": null, "step": 19, "total": 100, "loss": 2.749024420976639, "elapsed_seconds": 2402.4951086620567}
{"stage": "training", "pid": 3089096, "time": 1789695814.73055, "cuda_visible_devices": "2", "allocated_gib": 3.847320079803467, "reserved_gib": 5.46875, "peak_allocated_gib": 5.325491905212402, "gpu_time_budget": null, "step": 20, "total": 100, "loss": 2.844471365213394, "elapsed_seconds": 2537.224134368007}
{"stage": "training", "pid": 3089096, "time": 1789695949.3383262, "cuda_visible_devices": "2", "allocated_gib": 3.847320079803467, "reserved_gib": 5.46875, "peak_allocated_gib": 5.325491905212402, "gpu_time_budget": null, "step": 21, "total": 100, "loss": 2.8078742623329163, "elapsed_seconds": 2671.831905044033}
{"stage": "training", "pid": 3089096, "time": 1789696083.3668265, "cuda_visible_devices": "2", "allocated_gib": 3.847320079803467, "reserved_gib": 5.46875, "peak_allocated_gib": 5.325491905212402, "gpu_time_budget": null, "step": 22, "total": 100, "loss": 2.9927488565444946, "elapsed_seconds": 2805.860402928083}
{"stage": "training", "pid": 3089096, "time": 1789696217.9151347, "cuda_visible_devices": "2", "allocated_gib": 3.847320079803467, "reserved_gib": 5.46875, "peak_allocated_gib": 5.325491905212402, "gpu_time_budget": null, "step": 23, "total": 100, "loss": 2.895271062850952, "elapsed_seconds": 2940.408697177074}
{"stage": "training", "pid": 3089096, "time": 1789696352.042638, "cuda_visible_devices": "2", "allocated_gib": 3.847320079803467, "reserved_gib": 5.46875, "peak_allocated_gib": 5.325491905212402, "gpu_time_budget": null, "step": 24, "total": 100, "loss": 2.6664291471242905, "elapsed_seconds": 3074.536220625043}
{"stage": "training", "pid": 3089096, "time": 1789696486.6498199, "cuda_visible_devices": "2", "allocated_gib": 3.847320079803467, "reserved_gib": 5.46875, "peak_allocated_gib": 5.325491905212402, "gpu_time_budget": null, "step": 25, "total": 100, "loss": 2.8036984503269196, "elapsed_seconds": 3209.1433936799876}
{"stage": "training", "pid": 3089096, "time": 1789696621.8128731, "cuda_visible_devices": "2", "allocated_gib": 3.847320079803467, "reserved_gib": 5.46875, "peak_allocated_gib": 5.325491905212402, "gpu_time_budget": null, "step": 26, "total": 100, "loss": 2.581258550286293, "elapsed_seconds": 3344.3064343630103}
{"stage": "training", "pid": 3089096, "time": 1789696756.8450565, "cuda_visible_devices": "2", "allocated_gib": 3.847320079803467, "reserved_gib": 5.46875, "peak_allocated_gib": 5.325491905212402, "gpu_time_budget": null, "step": 27, "total": 100, "loss": 3.0560069382190704, "elapsed_seconds": 3479.338632286992}
{"stage": "training", "pid": 3089096, "time": 1789696891.9298458, "cuda_visible_devices": "2", "allocated_gib": 3.847320079803467, "reserved_gib": 5.46875, "peak_allocated_gib": 5.325491905212402, "gpu_time_budget": null, "step": 28, "total": 100, "loss": 2.915182262659073, "elapsed_seconds": 3614.423419088009}
{"stage": "training", "pid": 3089096, "time": 1789697026.3886333, "cuda_visible_devices": "2", "allocated_gib": 3.847320079803467, "reserved_gib": 5.46875, "peak_allocated_gib": 5.325491905212402, "gpu_time_budget": null, "step": 29, "total": 100, "loss": 2.825982689857483, "elapsed_seconds": 3748.8822119070683}
{"stage": "training", "pid": 3089096, "time": 1789697160.8509734, "cuda_visible_devices": "2", "allocated_gib": 3.847320079803467, "reserved_gib": 5.46875, "peak_allocated_gib": 5.325491905212402, "gpu_time_budget": null, "step": 30, "total": 100, "loss": 3.0434440672397614, "elapsed_seconds": 3883.3445411670255}
{"stage": "training", "pid": 3089096, "time": 1789697295.27864, "cuda_visible_devices": "2", "allocated_gib": 3.847320079803467, "reserved_gib": 5.46875, "peak_allocated_gib": 5.325491905212402, "gpu_time_budget": null, "step": 31, "total": 100, "loss": 2.659309595823288, "elapsed_seconds": 4017.772211214062}
{"stage": "training", "pid": 3089096, "time": 1789697425.2484148, "cuda_visible_devices": "2", "allocated_gib": 3.847320079803467, "reserved_gib": 5.46875, "peak_allocated_gib": 5.325491905212402, "gpu_time_budget": null, "step": 32, "total": 100, "loss": 3.084180861711502, "elapsed_seconds": 4147.741989338072}
{"stage": "training", "pid": 3089096, "time": 1789697556.8486369, "cuda_visible_devices": "2", "allocated_gib": 3.847320079803467, "reserved_gib": 5.46875, "peak_allocated_gib": 5.325491905212402, "gpu_time_budget": null, "step": 33, "total": 100, "loss": 2.770681858062744, "elapsed_seconds": 4279.342216684017}
{"stage": "training", "pid": 3089096, "time": 1789697695.0625408, "cuda_visible_devices": "2", "allocated_gib": 3.847320079803467, "reserved_gib": 5.46875, "peak_allocated_gib": 5.325491905212402, "gpu_time_budget": null, "step": 34, "total": 100, "loss": 2.778755784034729, "elapsed_seconds": 4417.556109535042}
{"stage": "training", "pid": 3089096, "time": 1789697832.2246084, "cuda_visible_devices": "2", "allocated_gib": 3.847320079803467, "reserved_gib": 5.46875, "peak_allocated_gib": 5.325491905212402, "gpu_time_budget": null, "step": 35, "total": 100, "loss": 2.8220650255680084, "elapsed_seconds": 4554.7181974269915}
{"stage": "training", "pid": 3089096, "time": 1789697964.9832752, "cuda_visible_devices": "2", "allocated_gib": 3.847320079803467, "reserved_gib": 5.46875, "peak_allocated_gib": 5.325491905212402, "gpu_time_budget": null, "step": 36, "total": 100, "loss": 2.715200573205948, "elapsed_seconds": 4687.4768228679895}
{"stage": "training", "pid": 3089096, "time": 1789698099.5838017, "cuda_visible_devices": "2", "allocated_gib": 3.847320079803467, "reserved_gib": 5.46875, "peak_allocated_gib": 5.325491905212402, "gpu_time_budget": null, "step": 37, "total": 100, "loss": 2.7116093933582306, "elapsed_seconds": 4822.07721387106}
{"stage": "training", "pid": 3089096, "time": 1789698233.538159, "cuda_visible_devices": "2", "allocated_gib": 3.847320079803467, "reserved_gib": 5.46875, "peak_allocated_gib": 5.325491905212402, "gpu_time_budget": null, "step": 38, "total": 100, "loss": 2.711116760969162, "elapsed_seconds": 4956.031732890988}
{"stage": "training", "pid": 3089096, "time": 1789698367.5113568, "cuda_visible_devices": "2", "allocated_gib": 3.847320079803467, "reserved_gib": 5.46875, "peak_allocated_gib": 5.325491905212402, "gpu_time_budget": null, "step": 39, "total": 100, "loss": 2.8237864673137665, "elapsed_seconds": 5090.004925584071}
{"stage": "training", "pid": 3089096, "time": 1789698501.9003413, "cuda_visible_devices": "2", "allocated_gib": 3.847320079803467, "reserved_gib": 5.46875, "peak_allocated_gib": 5.325491905212402, "gpu_time_budget": null, "step": 40, "total": 100, "loss": 2.675055980682373, "elapsed_seconds": 5224.393916415051}
{"stage": "training", "pid": 3089096, "time": 1789698636.1114717, "cuda_visible_devices": "2", "allocated_gib": 3.847320079803467, "reserved_gib": 5.46875, "peak_allocated_gib": 5.325491905212402, "gpu_time_budget": null, "step": 41, "total": 100, "loss": 2.515516608953476, "elapsed_seconds": 5358.605053546024}
{"stage": "training", "pid": 3089096, "time": 1789698770.5157251, "cuda_visible_devices": "2", "allocated_gib": 3.847320079803467, "reserved_gib": 5.46875, "peak_allocated_gib": 5.325491905212402, "gpu_time_budget": null, "step": 42, "total": 100, "loss": 2.7997330725193024, "elapsed_seconds": 5493.0093031961005}
{"stage": "training", "pid": 3089096, "time": 1789698904.904115, "cuda_visible_devices": "2", "allocated_gib": 3.847320079803467, "reserved_gib": 5.46875, "peak_allocated_gib": 5.325491905212402, "gpu_time_budget": null, "step": 43, "total": 100, "loss": 2.705730587244034, "elapsed_seconds": 5627.397683693096}
{"stage": "training", "pid": 3089096, "time": 1789699039.56675, "cuda_visible_devices": "2", "allocated_gib": 3.847320079803467, "reserved_gib": 5.46875, "peak_allocated_gib": 5.325491905212402, "gpu_time_budget": null, "step": 44, "total": 100, "loss": 2.7280071079730988, "elapsed_seconds": 5762.060322127072}
{"stage": "training", "pid": 3089096, "time": 1789699176.8600478, "cuda_visible_devices": "2", "allocated_gib": 3.847320079803467, "reserved_gib": 5.46875, "peak_allocated_gib": 5.325491905212402, "gpu_time_budget": null, "step": 45, "total": 100, "loss": 2.7132785320281982, "elapsed_seconds": 5899.353618277004}
{"stage": "training", "pid": 3089096, "time": 1789699321.3489437, "cuda_visible_devices": "2", "allocated_gib": 3.847320079803467, "reserved_gib": 5.46875, "peak_allocated_gib": 5.325491905212402, "gpu_time_budget": null, "step": 46, "total": 100, "loss": 2.6081733405590057, "elapsed_seconds": 6043.84251255705}
{"stage": "training", "pid": 3089096, "time": 1789699464.927024, "cuda_visible_devices": "2", "allocated_gib": 3.847320079803467, "reserved_gib": 5.46875, "peak_allocated_gib": 5.325491905212402, "gpu_time_budget": null, "step": 47, "total": 100, "loss": 2.9074795246124268, "elapsed_seconds": 6187.420556154102}
{"stage": "training", "pid": 3089096, "time": 1789699601.8453007, "cuda_visible_devices": "2", "allocated_gib": 3.847320079803467, "reserved_gib": 5.46875, "peak_allocated_gib": 5.325491905212402, "gpu_time_budget": null, "step": 48, "total": 100, "loss": 2.601201891899109, "elapsed_seconds": 6324.338876347989}
{"stage": "training", "pid": 3089096, "time": 1789699728.5030084, "cuda_visible_devices": "2", "allocated_gib": 3.847320079803467, "reserved_gib": 5.46875, "peak_allocated_gib": 5.325491905212402, "gpu_time_budget": null, "step": 49, "total": 100, "loss": 2.7031048834323883, "elapsed_seconds": 6450.996581763029}
{"stage": "training", "pid": 3089096, "time": 1789699849.2791085, "cuda_visible_devices": "2", "allocated_gib": 3.847320079803467, "reserved_gib": 5.46875, "peak_allocated_gib": 5.325491905212402, "gpu_time_budget": null, "step": 50, "total": 100, "loss": 2.7023870944976807, "elapsed_seconds": 6571.772684319061}
{"stage": "training", "pid": 3089096, "time": 1789699969.855352, "cuda_visible_devices": "2", "allocated_gib": 3.847320079803467, "reserved_gib": 5.46875, "peak_allocated_gib": 5.325491905212402, "gpu_time_budget": null, "step": 51, "total": 100, "loss": 2.75311678647995, "elapsed_seconds": 6692.348924398073}
{"stage": "training", "pid": 3089096, "time": 1789700090.1802664, "cuda_visible_devices": "2", "allocated_gib": 3.847320079803467, "reserved_gib": 5.46875, "peak_allocated_gib": 5.325491905212402, "gpu_time_budget": null, "step": 52, "total": 100, "loss": 2.631642162799835, "elapsed_seconds": 6812.673839883064}
{"stage": "training", "pid": 3089096, "time": 1789700210.5717103, "cuda_visible_devices": "2", "allocated_gib": 3.847320079803467, "reserved_gib": 5.46875, "peak_allocated_gib": 5.325491905212402, "gpu_time_budget": null, "step": 53, "total": 100, "loss": 2.8054391741752625, "elapsed_seconds": 6933.065288201091}
{"stage": "training", "pid": 3089096, "time": 1789700330.9651845, "cuda_visible_devices": "2", "allocated_gib": 3.847320079803467, "reserved_gib": 5.46875, "peak_allocated_gib": 5.325491905212402, "gpu_time_budget": null, "step": 54, "total": 100, "loss": 2.7697012424468994, "elapsed_seconds": 7053.458759838017}
{"stage": "training", "pid": 3089096, "time": 1789700451.6044524, "cuda_visible_devices": "2", "allocated_gib": 3.847320079803467, "reserved_gib": 5.46875, "peak_allocated_gib": 5.325491905212402, "gpu_time_budget": null, "step": 55, "total": 100, "loss": 2.818895936012268, "elapsed_seconds": 7174.098036051029}
{"stage": "training", "pid": 3089096, "time": 1789700572.2579205, "cuda_visible_devices": "2", "allocated_gib": 3.847320079803467, "reserved_gib": 5.46875, "peak_allocated_gib": 5.325491905212402, "gpu_time_budget": null, "step": 56, "total": 100, "loss": 2.704405188560486, "elapsed_seconds": 7294.751496887067}
{"stage": "training", "pid": 3089096, "time": 1789700692.5792208, "cuda_visible_devices": "2", "allocated_gib": 3.847320079803467, "reserved_gib": 5.46875, "peak_allocated_gib": 5.325491905212402, "gpu_time_budget": null, "step": 57, "total": 100, "loss": 2.659179300069809, "elapsed_seconds": 7415.072796283057}
{"stage": "training", "pid": 3089096, "time": 1789700812.8892472, "cuda_visible_devices": "2", "allocated_gib": 3.847320079803467, "reserved_gib": 5.46875, "peak_allocated_gib": 5.325491905212402, "gpu_time_budget": null, "step": 58, "total": 100, "loss": 2.545928865671158, "elapsed_seconds": 7535.382819565013}
{"stage": "training", "pid": 3089096, "time": 1789700933.2093494, "cuda_visible_devices": "2", "allocated_gib": 3.847320079803467, "reserved_gib": 5.46875, "peak_allocated_gib": 5.325491905212402, "gpu_time_budget": null, "step": 59, "total": 100, "loss": 2.7573107182979584, "elapsed_seconds": 7655.702924438054}
{"stage": "training", "pid": 3089096, "time": 1789701053.575376, "cuda_visible_devices": "2", "allocated_gib": 3.847320079803467, "reserved_gib": 5.46875, "peak_allocated_gib": 5.325491905212402, "gpu_time_budget": null, "step": 60, "total": 100, "loss": 2.650888353586197, "elapsed_seconds": 7776.068957147072}
{"stage": "training", "pid": 3089096, "time": 1789701173.8626163, "cuda_visible_devices": "2", "allocated_gib": 3.847320079803467, "reserved_gib": 5.46875, "peak_allocated_gib": 5.325491905212402, "gpu_time_budget": null, "step": 61, "total": 100, "loss": 2.8301698565483093, "elapsed_seconds": 7896.356194262044}
{"stage": "training", "pid": 3089096, "time": 1789701294.1717114, "cuda_visible_devices": "2", "allocated_gib": 3.847320079803467, "reserved_gib": 5.46875, "peak_allocated_gib": 5.325491905212402, "gpu_time_budget": null, "step": 62, "total": 100, "loss": 2.623214542865753, "elapsed_seconds": 8016.665283328039}
{"stage": "training", "pid": 3089096, "time": 1789701423.5742, "cuda_visible_devices": "2", "allocated_gib": 3.847320079803467, "reserved_gib": 5.46875, "peak_allocated_gib": 5.325491905212402, "gpu_time_budget": null, "step": 63, "total": 100, "loss": 2.6005791425704956, "elapsed_seconds": 8146.067773446091}
{"stage": "training", "pid": 3089096, "time": 1789701563.206675, "cuda_visible_devices": "2", "allocated_gib": 3.847320079803467, "reserved_gib": 5.46875, "peak_allocated_gib": 5.325491905212402, "gpu_time_budget": null, "step": 64, "total": 100, "loss": 2.642422765493393, "elapsed_seconds": 8285.700244989013}
{"stage": "training", "pid": 3089096, "time": 1789701697.5277836, "cuda_visible_devices": "2", "allocated_gib": 3.847320079803467, "reserved_gib": 5.46875, "peak_allocated_gib": 5.325491905212402, "gpu_time_budget": null, "step": 65, "total": 100, "loss": 2.7660728991031647, "elapsed_seconds": 8420.021362017025}
{"stage": "training", "pid": 3089096, "time": 1789701828.3399265, "cuda_visible_devices": "2", "allocated_gib": 3.847320079803467, "reserved_gib": 5.46875, "peak_allocated_gib": 5.325491905212402, "gpu_time_budget": null, "step": 66, "total": 100, "loss": 2.762956440448761, "elapsed_seconds": 8550.833504555048}
{"stage": "training", "pid": 3089096, "time": 1789701973.177418, "cuda_visible_devices": "2", "allocated_gib": 3.847320079803467, "reserved_gib": 5.46875, "peak_allocated_gib": 5.325491905212402, "gpu_time_budget": null, "step": 67, "total": 100, "loss": 2.7904157638549805, "elapsed_seconds": 8695.671000463073}
{"stage": "training", "pid": 3089096, "time": 1789702120.2967355, "cuda_visible_devices": "2", "allocated_gib": 3.847320079803467, "reserved_gib": 5.46875, "peak_allocated_gib": 5.325491905212402, "gpu_time_budget": null, "step": 68, "total": 100, "loss": 2.682482808828354, "elapsed_seconds": 8842.790310775046}
{"stage": "training", "pid": 3089096, "time": 1789702267.8264143, "cuda_visible_devices": "2", "allocated_gib": 3.847320079803467, "reserved_gib": 5.46875, "peak_allocated_gib": 5.325491905212402, "gpu_time_budget": null, "step": 69, "total": 100, "loss": 2.5672930479049683, "elapsed_seconds": 8990.319997640094}
{"stage": "training", "pid": 3089096, "time": 1789702411.8317754, "cuda_visible_devices": "2", "allocated_gib": 3.847320079803467, "reserved_gib": 5.46875, "peak_allocated_gib": 5.325491905212402, "gpu_time_budget": null, "step": 70, "total": 100, "loss": 2.853357583284378, "elapsed_seconds": 9134.32534628699}
{"stage": "training", "pid": 3089096, "time": 1789702555.2237911, "cuda_visible_devices": "2", "allocated_gib": 3.847320079803467, "reserved_gib": 5.46875, "peak_allocated_gib": 5.325491905212402, "gpu_time_budget": null, "step": 71, "total": 100, "loss": 2.2834263294935226, "elapsed_seconds": 9277.717354430002}
{"stage": "training", "pid": 3089096, "time": 1789702692.9057772, "cuda_visible_devices": "2", "allocated_gib": 3.847320079803467, "reserved_gib": 5.46875, "peak_allocated_gib": 5.325491905212402, "gpu_time_budget": null, "step": 72, "total": 100, "loss": 2.667203515768051, "elapsed_seconds": 9415.399340667995}
{"stage": "training", "pid": 3089096, "time": 1789702828.0649018, "cuda_visible_devices": "2", "allocated_gib": 3.847320079803467, "reserved_gib": 5.46875, "peak_allocated_gib": 5.325491905212402, "gpu_time_budget": null, "step": 73, "total": 100, "loss": 2.53008309006691, "elapsed_seconds": 9550.558470922988}
{"stage": "training", "pid": 3089096, "time": 1789702975.6499712, "cuda_visible_devices": "2", "allocated_gib": 3.847320079803467, "reserved_gib": 5.46875, "peak_allocated_gib": 5.325491905212402, "gpu_time_budget": null, "step": 74, "total": 100, "loss": 2.8678975105285645, "elapsed_seconds": 9698.143547022017}
{"stage": "training", "pid": 3089096, "time": 1789703125.07748, "cuda_visible_devices": "2", "allocated_gib": 3.847320079803467, "reserved_gib": 5.46875, "peak_allocated_gib": 5.325491905212402, "gpu_time_budget": null, "step": 75, "total": 100, "loss": 2.7114701569080353, "elapsed_seconds": 9847.57105535909}
{"stage": "training", "pid": 3089096, "time": 1789703274.254807, "cuda_visible_devices": "2", "allocated_gib": 3.847320079803467, "reserved_gib": 5.46875, "peak_allocated_gib": 5.325491905212402, "gpu_time_budget": null, "step": 76, "total": 100, "loss": 2.6019679605960846, "elapsed_seconds": 9996.748384064995}
{"stage": "training", "pid": 3089096, "time": 1789703421.526261, "cuda_visible_devices": "2", "allocated_gib": 3.847320079803467, "reserved_gib": 5.46875, "peak_allocated_gib": 5.325491905212402, "gpu_time_budget": null, "step": 77, "total": 100, "loss": 2.801712542772293, "elapsed_seconds": 10144.0198400761}
{"stage": "training", "pid": 3089096, "time": 1789703557.0095305, "cuda_visible_devices": "2", "allocated_gib": 3.847320079803467, "reserved_gib": 5.46875, "peak_allocated_gib": 5.325491905212402, "gpu_time_budget": null, "step": 78, "total": 100, "loss": 2.6105572879314423, "elapsed_seconds": 10279.503096370026}
{"stage": "training", "pid": 3089096, "time": 1789703691.8537283, "cuda_visible_devices": "2", "allocated_gib": 3.847320079803467, "reserved_gib": 5.46875, "peak_allocated_gib": 5.325491905212402, "gpu_time_budget": null, "step": 79, "total": 100, "loss": 2.5942156314849854, "elapsed_seconds": 10414.347298959037}
{"stage": "training", "pid": 3089096, "time": 1789703826.872842, "cuda_visible_devices": "2", "allocated_gib": 3.847320079803467, "reserved_gib": 5.46875, "peak_allocated_gib": 5.325491905212402, "gpu_time_budget": null, "step": 80, "total": 100, "loss": 2.3423079401254654, "elapsed_seconds": 10549.366411752068}
{"stage": "training", "pid": 3089096, "time": 1789703961.267525, "cuda_visible_devices": "2", "allocated_gib": 3.847320079803467, "reserved_gib": 5.46875, "peak_allocated_gib": 5.325491905212402, "gpu_time_budget": null, "step": 81, "total": 100, "loss": 2.5664656162261963, "elapsed_seconds": 10683.761094207992}
{"stage": "training", "pid": 3089096, "time": 1789704088.115217, "cuda_visible_devices": "2", "allocated_gib": 3.847320079803467, "reserved_gib": 5.46875, "peak_allocated_gib": 5.325491905212402, "gpu_time_budget": null, "step": 82, "total": 100, "loss": 2.878631502389908, "elapsed_seconds": 10810.608796982095}
{"stage": "training", "pid": 3089096, "time": 1789704209.0171878, "cuda_visible_devices": "2", "allocated_gib": 3.847320079803467, "reserved_gib": 5.46875, "peak_allocated_gib": 5.325491905212402, "gpu_time_budget": null, "step": 83, "total": 100, "loss": 2.543782204389572, "elapsed_seconds": 10931.51075919799}
{"stage": "training", "pid": 3089096, "time": 1789704330.2798436, "cuda_visible_devices": "2", "allocated_gib": 3.847320079803467, "reserved_gib": 5.46875, "peak_allocated_gib": 5.325491905212402, "gpu_time_budget": null, "step": 84, "total": 100, "loss": 2.657225251197815, "elapsed_seconds": 11052.773418767028}
{"stage": "training", "pid": 3089096, "time": 1789704451.166726, "cuda_visible_devices": "2", "allocated_gib": 3.847320079803467, "reserved_gib": 5.46875, "peak_allocated_gib": 5.325491905212402, "gpu_time_budget": null, "step": 85, "total": 100, "loss": 2.92530220746994, "elapsed_seconds": 11173.660297174007}
{"stage": "training", "pid": 3089096, "time": 1789704571.6964417, "cuda_visible_devices": "2", "allocated_gib": 3.847320079803467, "reserved_gib": 5.46875, "peak_allocated_gib": 5.325491905212402, "gpu_time_budget": null, "step": 86, "total": 100, "loss": 2.7217510640621185, "elapsed_seconds": 11294.190017088084}
{"stage": "training", "pid": 3089096, "time": 1789704695.2950878, "cuda_visible_devices": "2", "allocated_gib": 3.847320079803467, "reserved_gib": 5.46875, "peak_allocated_gib": 5.325491905212402, "gpu_time_budget": null, "step": 87, "total": 100, "loss": 2.8365673422813416, "elapsed_seconds": 11417.788671871996}
{"stage": "training", "pid": 3089096, "time": 1789704836.1631434, "cuda_visible_devices": "2", "allocated_gib": 3.847320079803467, "reserved_gib": 5.46875, "peak_allocated_gib": 5.325491905212402, "gpu_time_budget": null, "step": 88, "total": 100, "loss": 2.5162576735019684, "elapsed_seconds": 11558.656727376045}
{"stage": "training", "pid": 3089096, "time": 1789704976.2273088, "cuda_visible_devices": "2", "allocated_gib": 3.847320079803467, "reserved_gib": 5.46875, "peak_allocated_gib": 5.325491905212402, "gpu_time_budget": null, "step": 89, "total": 100, "loss": 2.9276070594787598, "elapsed_seconds": 11698.720882132999}
{"stage": "training", "pid": 3089096, "time": 1789705116.033151, "cuda_visible_devices": "2", "allocated_gib": 3.847320079803467, "reserved_gib": 5.46875, "peak_allocated_gib": 5.325491905212402, "gpu_time_budget": null, "step": 90, "total": 100, "loss": 2.503465235233307, "elapsed_seconds": 11838.526728933095}
{"stage": "training", "pid": 3089096, "time": 1789705254.5872104, "cuda_visible_devices": "2", "allocated_gib": 3.847320079803467, "reserved_gib": 5.46875, "peak_allocated_gib": 5.325491905212402, "gpu_time_budget": null, "step": 91, "total": 100, "loss": 2.26816263794899, "elapsed_seconds": 11977.08077743405}
{"stage": "training", "pid": 3089096, "time": 1789705395.0260034, "cuda_visible_devices": "2", "allocated_gib": 3.847320079803467, "reserved_gib": 5.46875, "peak_allocated_gib": 5.325491905212402, "gpu_time_budget": null, "step": 92, "total": 100, "loss": 2.61548775434494, "elapsed_seconds": 12117.51957953407}
{"stage": "training", "pid": 3089096, "time": 1789705535.387395, "cuda_visible_devices": "2", "allocated_gib": 3.847320079803467, "reserved_gib": 5.46875, "peak_allocated_gib": 5.325491905212402, "gpu_time_budget": null, "step": 93, "total": 100, "loss": 2.8067345321178436, "elapsed_seconds": 12257.880965018994}
{"stage": "training", "pid": 3089096, "time": 1789705676.898224, "cuda_visible_devices": "2", "allocated_gib": 3.847320079803467, "reserved_gib": 5.46875, "peak_allocated_gib": 5.325491905212402, "gpu_time_budget": null, "step": 94, "total": 100, "loss": 2.7107384502887726, "elapsed_seconds": 12399.391784190084}
{"stage": "training", "pid": 3089096, "time": 1789705815.789177, "cuda_visible_devices": "2", "allocated_gib": 3.847320079803467, "reserved_gib": 5.46875, "peak_allocated_gib": 5.325491905212402, "gpu_time_budget": null, "step": 95, "total": 100, "loss": 2.5084190666675568, "elapsed_seconds": 12538.282735599088}
{"stage": "training", "pid": 3089096, "time": 1789705956.1837957, "cuda_visible_devices": "2", "allocated_gib": 3.847320079803467, "reserved_gib": 5.46875, "peak_allocated_gib": 5.325491905212402, "gpu_time_budget": null, "step": 96, "total": 100, "loss": 2.39551904797554, "elapsed_seconds": 12678.677376952022}
{"stage": "training", "pid": 3089096, "time": 1789706097.4073293, "cuda_visible_devices": "2", "allocated_gib": 3.847320079803467, "reserved_gib": 5.46875, "peak_allocated_gib": 5.325491905212402, "gpu_time_budget": null, "step": 97, "total": 100, "loss": 2.9166792035102844, "elapsed_seconds": 12819.900905768038}
{"stage": "training", "pid": 3089096, "time": 1789706238.4484518, "cuda_visible_devices": "2", "allocated_gib": 3.847320079803467, "reserved_gib": 5.46875, "peak_allocated_gib": 5.325491905212402, "gpu_time_budget": null, "step": 98, "total": 100, "loss": 2.8077814280986786, "elapsed_seconds": 12960.94202781003}
{"stage": "training", "pid": 3089096, "time": 1789706376.6085732, "cuda_visible_devices": "2", "allocated_gib": 3.847320079803467, "reserved_gib": 5.46875, "peak_allocated_gib": 5.325491905212402, "gpu_time_budget": null, "step": 99, "total": 100, "loss": 2.529375672340393, "elapsed_seconds": 13099.102150135092}
{"stage": "training", "pid": 3089096, "time": 1789706514.2477148, "cuda_visible_devices": "2", "allocated_gib": 3.847320079803467, "reserved_gib": 5.46875, "peak_allocated_gib": 5.325491905212402, "gpu_time_budget": null, "step": 100, "total": 100, "loss": 2.498561590909958, "elapsed_seconds": 13236.741292817052}
{"stage": "freeze-and-calibrate", "pid": 3089096, "time": 1789706537.479185, "cuda_visible_devices": "2", "allocated_gib": 3.847320079803467, "reserved_gib": 5.46875, "peak_allocated_gib": 5.325491905212402, "gpu_time_budget": null, "step": 100}
Loading checkpoint shards:   0%|          | 0/2 [00:00<?, ?it/s]Loading checkpoint shards:  50%|█████     | 1/2 [00:00<00:00,  2.11it/s]Loading checkpoint shards: 100%|██████████| 2/2 [00:00<00:00,  4.19it/s]
{"stage": "full-validation", "pid": 3089096, "time": 1789706573.2771256, "cuda_visible_devices": "2", "allocated_gib": 7.634613990783691, "reserved_gib": 10.685546875, "peak_allocated_gib": 8.515288829803467, "gpu_time_budget": null, "step": 100}
Evaluation segment 1/2: start=0, windows=128, seqlen=2048
Evaluation segment 2/2: start=262144, windows=1, seqlen=193
{"stage": "checkpoint-completed", "pid": 3089096, "time": 1789706607.688768, "cuda_visible_devices": "2", "allocated_gib": 3.847320079803467, "reserved_gib": 3.9765625, "peak_allocated_gib": 9.380706310272217, "gpu_time_budget": null, "step": 100, "nll": 2.7755798364253557, "ppl": 16.04792947249727}
{"stage": "completed", "pid": 3089096, "time": 1789706607.6974978, "cuda_visible_devices": "2", "allocated_gib": 3.847320079803467, "reserved_gib": 3.9765625, "peak_allocated_gib": 9.380706310272217, "gpu_time_budget": null, "steps": 100, "elapsed_seconds": 13330.191089911037}
