{"stage": "loading-data", "pid": 1387607, "time": 1789668622.3493686, "cuda_visible_devices": "5", "allocated_gib": 0.0, "reserved_gib": 0.0, "peak_allocated_gib": 0.0, "gpu_time_budget": null}
Token indices sequence length is longer than the specified maximum sequence length for this model (262337 > 2048). Running this sequence through the model will result in indexing errors
Loading checkpoint shards:   0%|          | 0/2 [00:00<?, ?it/s]Loading checkpoint shards:  50%|█████     | 1/2 [00:00<00:00,  3.71it/s]Loading checkpoint shards: 100%|██████████| 2/2 [00:00<00:00,  7.30it/s]
`loss_type=None` was set in the config but it is unrecognised.Using the default loss: `ForCausalLMLoss`.
/home/dongpeiyan/miniconda3/envs/rotation-quant-p0/lib/python3.9/site-packages/torch/utils/checkpoint.py:1399: FutureWarning: `torch.cpu.amp.autocast(args...)` is deprecated. Please use `torch.amp.autocast('cpu', args...)` instead.
  with device_autocast_ctx, torch.cpu.amp.autocast(**cpu_autocast_kwargs), recompute_context:  # type: ignore[attr-defined]
{"stage": "training", "pid": 1387607, "time": 1789668792.9077647, "cuda_visible_devices": "5", "allocated_gib": 3.847320079803467, "reserved_gib": 5.462890625, "peak_allocated_gib": 5.303725242614746, "gpu_time_budget": null, "step": 1, "total": 100, "loss": 4.42758122086525, "elapsed_seconds": 131.40233575797174}
{"stage": "training", "pid": 1387607, "time": 1789668926.303073, "cuda_visible_devices": "5", "allocated_gib": 3.847320079803467, "reserved_gib": 5.46875, "peak_allocated_gib": 5.325491905212402, "gpu_time_budget": null, "step": 2, "total": 100, "loss": 4.056618303060532, "elapsed_seconds": 264.79764765303116}
{"stage": "training", "pid": 1387607, "time": 1789669058.8098266, "cuda_visible_devices": "5", "allocated_gib": 3.847320079803467, "reserved_gib": 5.46875, "peak_allocated_gib": 5.325491905212402, "gpu_time_budget": null, "step": 3, "total": 100, "loss": 3.7568215429782867, "elapsed_seconds": 397.3043803879991}
{"stage": "training", "pid": 1387607, "time": 1789669191.9419131, "cuda_visible_devices": "5", "allocated_gib": 3.847320079803467, "reserved_gib": 5.46875, "peak_allocated_gib": 5.325491905212402, "gpu_time_budget": null, "step": 4, "total": 100, "loss": 3.559746265411377, "elapsed_seconds": 530.4364782910561}
{"stage": "training", "pid": 1387607, "time": 1789669326.4017277, "cuda_visible_devices": "5", "allocated_gib": 3.847320079803467, "reserved_gib": 5.46875, "peak_allocated_gib": 5.325491905212402, "gpu_time_budget": null, "step": 5, "total": 100, "loss": 3.354822278022766, "elapsed_seconds": 664.8963036170462}
{"stage": "training", "pid": 1387607, "time": 1789669459.550025, "cuda_visible_devices": "5", "allocated_gib": 3.847320079803467, "reserved_gib": 5.46875, "peak_allocated_gib": 5.325491905212402, "gpu_time_budget": null, "step": 6, "total": 100, "loss": 3.3094116151332855, "elapsed_seconds": 798.044580981019}
{"stage": "training", "pid": 1387607, "time": 1789669593.6544516, "cuda_visible_devices": "5", "allocated_gib": 3.847320079803467, "reserved_gib": 5.46875, "peak_allocated_gib": 5.325491905212402, "gpu_time_budget": null, "step": 7, "total": 100, "loss": 3.3250556886196136, "elapsed_seconds": 932.1490165430587}
{"stage": "training", "pid": 1387607, "time": 1789669727.2468562, "cuda_visible_devices": "5", "allocated_gib": 3.847320079803467, "reserved_gib": 5.46875, "peak_allocated_gib": 5.325491905212402, "gpu_time_budget": null, "step": 8, "total": 100, "loss": 2.8672542572021484, "elapsed_seconds": 1065.741421852028}
{"stage": "training", "pid": 1387607, "time": 1789669861.0270076, "cuda_visible_devices": "5", "allocated_gib": 3.847320079803467, "reserved_gib": 5.46875, "peak_allocated_gib": 5.325491905212402, "gpu_time_budget": null, "step": 9, "total": 100, "loss": 3.0688043236732483, "elapsed_seconds": 1199.5215711309575}
{"stage": "training", "pid": 1387607, "time": 1789669994.3124645, "cuda_visible_devices": "5", "allocated_gib": 3.847320079803467, "reserved_gib": 5.46875, "peak_allocated_gib": 5.325491905212402, "gpu_time_budget": null, "step": 10, "total": 100, "loss": 2.979109972715378, "elapsed_seconds": 1332.8070173150627}
{"stage": "training", "pid": 1387607, "time": 1789670127.7949877, "cuda_visible_devices": "5", "allocated_gib": 3.847320079803467, "reserved_gib": 5.46875, "peak_allocated_gib": 5.325491905212402, "gpu_time_budget": null, "step": 11, "total": 100, "loss": 2.9910960495471954, "elapsed_seconds": 1466.2895470400108}
{"stage": "training", "pid": 1387607, "time": 1789670261.588768, "cuda_visible_devices": "5", "allocated_gib": 3.847320079803467, "reserved_gib": 5.46875, "peak_allocated_gib": 5.325491905212402, "gpu_time_budget": null, "step": 12, "total": 100, "loss": 3.064616024494171, "elapsed_seconds": 1600.0833284009714}
{"stage": "training", "pid": 1387607, "time": 1789670394.3010936, "cuda_visible_devices": "5", "allocated_gib": 3.847320079803467, "reserved_gib": 5.46875, "peak_allocated_gib": 5.325491905212402, "gpu_time_budget": null, "step": 13, "total": 100, "loss": 2.7816978991031647, "elapsed_seconds": 1732.795651452965}
{"stage": "training", "pid": 1387607, "time": 1789670527.0866952, "cuda_visible_devices": "5", "allocated_gib": 3.847320079803467, "reserved_gib": 5.46875, "peak_allocated_gib": 5.325491905212402, "gpu_time_budget": null, "step": 14, "total": 100, "loss": 2.9609564542770386, "elapsed_seconds": 1865.5812661460368}
{"stage": "training", "pid": 1387607, "time": 1789670659.0644176, "cuda_visible_devices": "5", "allocated_gib": 3.847320079803467, "reserved_gib": 5.46875, "peak_allocated_gib": 5.325491905212402, "gpu_time_budget": null, "step": 15, "total": 100, "loss": 2.7464755475521088, "elapsed_seconds": 1997.5589923870284}
{"stage": "training", "pid": 1387607, "time": 1789670790.9228537, "cuda_visible_devices": "5", "allocated_gib": 3.847320079803467, "reserved_gib": 5.46875, "peak_allocated_gib": 5.325491905212402, "gpu_time_budget": null, "step": 16, "total": 100, "loss": 2.7709324061870575, "elapsed_seconds": 2129.4174284180626}
{"stage": "training", "pid": 1387607, "time": 1789670923.4416747, "cuda_visible_devices": "5", "allocated_gib": 3.847320079803467, "reserved_gib": 5.46875, "peak_allocated_gib": 5.325491905212402, "gpu_time_budget": null, "step": 17, "total": 100, "loss": 2.926167607307434, "elapsed_seconds": 2261.936252319021}
{"stage": "training", "pid": 1387607, "time": 1789671055.1152894, "cuda_visible_devices": "5", "allocated_gib": 3.847320079803467, "reserved_gib": 5.46875, "peak_allocated_gib": 5.325491905212402, "gpu_time_budget": null, "step": 18, "total": 100, "loss": 2.6201909482479095, "elapsed_seconds": 2393.609864016995}
{"stage": "training", "pid": 1387607, "time": 1789671187.8920748, "cuda_visible_devices": "5", "allocated_gib": 3.847320079803467, "reserved_gib": 5.46875, "peak_allocated_gib": 5.325491905212402, "gpu_time_budget": null, "step": 19, "total": 100, "loss": 2.7243999540805817, "elapsed_seconds": 2526.3866435489617}
{"stage": "training", "pid": 1387607, "time": 1789671320.6688533, "cuda_visible_devices": "5", "allocated_gib": 3.847320079803467, "reserved_gib": 5.46875, "peak_allocated_gib": 5.325491905212402, "gpu_time_budget": null, "step": 20, "total": 100, "loss": 2.8276842534542084, "elapsed_seconds": 2659.1634285190376}
{"stage": "training", "pid": 1387607, "time": 1789671453.7580295, "cuda_visible_devices": "5", "allocated_gib": 3.847320079803467, "reserved_gib": 5.46875, "peak_allocated_gib": 5.325491905212402, "gpu_time_budget": null, "step": 21, "total": 100, "loss": 2.7972481548786163, "elapsed_seconds": 2792.2525875880383}
{"stage": "training", "pid": 1387607, "time": 1789671587.2549138, "cuda_visible_devices": "5", "allocated_gib": 3.847320079803467, "reserved_gib": 5.46875, "peak_allocated_gib": 5.325491905212402, "gpu_time_budget": null, "step": 22, "total": 100, "loss": 2.9823256134986877, "elapsed_seconds": 2925.7494849259965}
{"stage": "training", "pid": 1387607, "time": 1789671719.92957, "cuda_visible_devices": "5", "allocated_gib": 3.847320079803467, "reserved_gib": 5.46875, "peak_allocated_gib": 5.325491905212402, "gpu_time_budget": null, "step": 23, "total": 100, "loss": 2.9148285686969757, "elapsed_seconds": 3058.4241322519956}
{"stage": "training", "pid": 1387607, "time": 1789671853.4953275, "cuda_visible_devices": "5", "allocated_gib": 3.847320079803467, "reserved_gib": 5.46875, "peak_allocated_gib": 5.325491905212402, "gpu_time_budget": null, "step": 24, "total": 100, "loss": 2.6434498578310013, "elapsed_seconds": 3191.989889102988}
{"stage": "training", "pid": 1387607, "time": 1789671986.4323757, "cuda_visible_devices": "5", "allocated_gib": 3.847320079803467, "reserved_gib": 5.46875, "peak_allocated_gib": 5.325491905212402, "gpu_time_budget": null, "step": 25, "total": 100, "loss": 2.8248198330402374, "elapsed_seconds": 3324.926943675964}
{"stage": "training", "pid": 1387607, "time": 1789672118.654864, "cuda_visible_devices": "5", "allocated_gib": 3.847320079803467, "reserved_gib": 5.46875, "peak_allocated_gib": 5.325491905212402, "gpu_time_budget": null, "step": 26, "total": 100, "loss": 2.5780895352363586, "elapsed_seconds": 3457.149425880052}
{"stage": "training", "pid": 1387607, "time": 1789672250.8832536, "cuda_visible_devices": "5", "allocated_gib": 3.847320079803467, "reserved_gib": 5.46875, "peak_allocated_gib": 5.325491905212402, "gpu_time_budget": null, "step": 27, "total": 100, "loss": 3.0677366852760315, "elapsed_seconds": 3589.3778212460456}
{"stage": "training", "pid": 1387607, "time": 1789672382.8263648, "cuda_visible_devices": "5", "allocated_gib": 3.847320079803467, "reserved_gib": 5.46875, "peak_allocated_gib": 5.325491905212402, "gpu_time_budget": null, "step": 28, "total": 100, "loss": 2.9155775010585785, "elapsed_seconds": 3721.320934441057}
{"stage": "training", "pid": 1387607, "time": 1789672514.9726756, "cuda_visible_devices": "5", "allocated_gib": 3.847320079803467, "reserved_gib": 5.46875, "peak_allocated_gib": 5.325491905212402, "gpu_time_budget": null, "step": 29, "total": 100, "loss": 2.8524909019470215, "elapsed_seconds": 3853.4672492590034}
{"stage": "training", "pid": 1387607, "time": 1789672647.0956209, "cuda_visible_devices": "5", "allocated_gib": 3.847320079803467, "reserved_gib": 5.46875, "peak_allocated_gib": 5.325491905212402, "gpu_time_budget": null, "step": 30, "total": 100, "loss": 3.1037940084934235, "elapsed_seconds": 3985.5901936050504}
{"stage": "training", "pid": 1387607, "time": 1789672779.170414, "cuda_visible_devices": "5", "allocated_gib": 3.847320079803467, "reserved_gib": 5.46875, "peak_allocated_gib": 5.325491905212402, "gpu_time_budget": null, "step": 31, "total": 100, "loss": 2.6658217012882233, "elapsed_seconds": 4117.664991131984}
{"stage": "training", "pid": 1387607, "time": 1789672910.9868362, "cuda_visible_devices": "5", "allocated_gib": 3.847320079803467, "reserved_gib": 5.46875, "peak_allocated_gib": 5.325491905212402, "gpu_time_budget": null, "step": 32, "total": 100, "loss": 3.1021397411823273, "elapsed_seconds": 4249.481397452997}
{"stage": "training", "pid": 1387607, "time": 1789673043.486389, "cuda_visible_devices": "5", "allocated_gib": 3.847320079803467, "reserved_gib": 5.46875, "peak_allocated_gib": 5.325491905212402, "gpu_time_budget": null, "step": 33, "total": 100, "loss": 2.800605148077011, "elapsed_seconds": 4381.980961148976}
{"stage": "training", "pid": 1387607, "time": 1789673175.1412985, "cuda_visible_devices": "5", "allocated_gib": 3.847320079803467, "reserved_gib": 5.46875, "peak_allocated_gib": 5.325491905212402, "gpu_time_budget": null, "step": 34, "total": 100, "loss": 2.8005977272987366, "elapsed_seconds": 4513.635873527965}
{"stage": "training", "pid": 1387607, "time": 1789673306.5712159, "cuda_visible_devices": "5", "allocated_gib": 3.847320079803467, "reserved_gib": 5.46875, "peak_allocated_gib": 5.325491905212402, "gpu_time_budget": null, "step": 35, "total": 100, "loss": 2.868189036846161, "elapsed_seconds": 4645.065792119014}
{"stage": "training", "pid": 1387607, "time": 1789673439.0063877, "cuda_visible_devices": "5", "allocated_gib": 3.847320079803467, "reserved_gib": 5.46875, "peak_allocated_gib": 5.325491905212402, "gpu_time_budget": null, "step": 36, "total": 100, "loss": 2.722830057144165, "elapsed_seconds": 4777.500961067039}
{"stage": "training", "pid": 1387607, "time": 1789673570.9601147, "cuda_visible_devices": "5", "allocated_gib": 3.847320079803467, "reserved_gib": 5.46875, "peak_allocated_gib": 5.325491905212402, "gpu_time_budget": null, "step": 37, "total": 100, "loss": 2.7237555384635925, "elapsed_seconds": 4909.4546905290335}
{"stage": "training", "pid": 1387607, "time": 1789673702.6809514, "cuda_visible_devices": "5", "allocated_gib": 3.847320079803467, "reserved_gib": 5.46875, "peak_allocated_gib": 5.325491905212402, "gpu_time_budget": null, "step": 38, "total": 100, "loss": 2.7387479543685913, "elapsed_seconds": 5041.175529083004}
{"stage": "training", "pid": 1387607, "time": 1789673833.8861876, "cuda_visible_devices": "5", "allocated_gib": 3.847320079803467, "reserved_gib": 5.46875, "peak_allocated_gib": 5.325491905212402, "gpu_time_budget": null, "step": 39, "total": 100, "loss": 2.84226655960083, "elapsed_seconds": 5172.3807617609855}
{"stage": "training", "pid": 1387607, "time": 1789673965.6861901, "cuda_visible_devices": "5", "allocated_gib": 3.847320079803467, "reserved_gib": 5.46875, "peak_allocated_gib": 5.325491905212402, "gpu_time_budget": null, "step": 40, "total": 100, "loss": 2.667516201734543, "elapsed_seconds": 5304.180764009012}
{"stage": "training", "pid": 1387607, "time": 1789674097.1087177, "cuda_visible_devices": "5", "allocated_gib": 3.847320079803467, "reserved_gib": 5.46875, "peak_allocated_gib": 5.325491905212402, "gpu_time_budget": null, "step": 41, "total": 100, "loss": 2.542092800140381, "elapsed_seconds": 5435.603290911065}
{"stage": "training", "pid": 1387607, "time": 1789674228.6101263, "cuda_visible_devices": "5", "allocated_gib": 3.847320079803467, "reserved_gib": 5.46875, "peak_allocated_gib": 5.325491905212402, "gpu_time_budget": null, "step": 42, "total": 100, "loss": 2.7989193499088287, "elapsed_seconds": 5567.104693804984}
{"stage": "training", "pid": 1387607, "time": 1789674361.0017555, "cuda_visible_devices": "5", "allocated_gib": 3.847320079803467, "reserved_gib": 5.46875, "peak_allocated_gib": 5.325491905212402, "gpu_time_budget": null, "step": 43, "total": 100, "loss": 2.7106675505638123, "elapsed_seconds": 5699.496328459005}
{"stage": "training", "pid": 1387607, "time": 1789674493.3485105, "cuda_visible_devices": "5", "allocated_gib": 3.847320079803467, "reserved_gib": 5.46875, "peak_allocated_gib": 5.325491905212402, "gpu_time_budget": null, "step": 44, "total": 100, "loss": 2.726766049861908, "elapsed_seconds": 5831.843081198982}
{"stage": "training", "pid": 1387607, "time": 1789674626.4039934, "cuda_visible_devices": "5", "allocated_gib": 3.847320079803467, "reserved_gib": 5.46875, "peak_allocated_gib": 5.325491905212402, "gpu_time_budget": null, "step": 45, "total": 100, "loss": 2.7152099609375, "elapsed_seconds": 5964.8985640610335}
{"stage": "training", "pid": 1387607, "time": 1789674760.4288023, "cuda_visible_devices": "5", "allocated_gib": 3.847320079803467, "reserved_gib": 5.46875, "peak_allocated_gib": 5.325491905212402, "gpu_time_budget": null, "step": 46, "total": 100, "loss": 2.599533438682556, "elapsed_seconds": 6098.923370803008}
{"stage": "training", "pid": 1387607, "time": 1789674893.4796321, "cuda_visible_devices": "5", "allocated_gib": 3.847320079803467, "reserved_gib": 5.46875, "peak_allocated_gib": 5.325491905212402, "gpu_time_budget": null, "step": 47, "total": 100, "loss": 2.903121203184128, "elapsed_seconds": 6231.974200144992}
{"stage": "training", "pid": 1387607, "time": 1789675027.4778416, "cuda_visible_devices": "5", "allocated_gib": 3.847320079803467, "reserved_gib": 5.46875, "peak_allocated_gib": 5.325491905212402, "gpu_time_budget": null, "step": 48, "total": 100, "loss": 2.6053767800331116, "elapsed_seconds": 6365.972402428975}
{"stage": "training", "pid": 1387607, "time": 1789675160.7873378, "cuda_visible_devices": "5", "allocated_gib": 3.847320079803467, "reserved_gib": 5.46875, "peak_allocated_gib": 5.325491905212402, "gpu_time_budget": null, "step": 49, "total": 100, "loss": 2.7161717116832733, "elapsed_seconds": 6499.281903694035}
{"stage": "training", "pid": 1387607, "time": 1789675293.582277, "cuda_visible_devices": "5", "allocated_gib": 3.847320079803467, "reserved_gib": 5.46875, "peak_allocated_gib": 5.325491905212402, "gpu_time_budget": null, "step": 50, "total": 100, "loss": 2.7203902304172516, "elapsed_seconds": 6632.076844925061}
{"stage": "training", "pid": 1387607, "time": 1789675426.586202, "cuda_visible_devices": "5", "allocated_gib": 3.847320079803467, "reserved_gib": 5.46875, "peak_allocated_gib": 5.325491905212402, "gpu_time_budget": null, "step": 51, "total": 100, "loss": 2.750142753124237, "elapsed_seconds": 6765.080757502001}
{"stage": "training", "pid": 1387607, "time": 1789675560.4340065, "cuda_visible_devices": "5", "allocated_gib": 3.847320079803467, "reserved_gib": 5.46875, "peak_allocated_gib": 5.325491905212402, "gpu_time_budget": null, "step": 52, "total": 100, "loss": 2.6349144876003265, "elapsed_seconds": 6898.928565621027}
{"stage": "training", "pid": 1387607, "time": 1789675694.084366, "cuda_visible_devices": "5", "allocated_gib": 3.847320079803467, "reserved_gib": 5.46875, "peak_allocated_gib": 5.325491905212402, "gpu_time_budget": null, "step": 53, "total": 100, "loss": 2.834678530693054, "elapsed_seconds": 7032.578933393001}
{"stage": "training", "pid": 1387607, "time": 1789675827.9240487, "cuda_visible_devices": "5", "allocated_gib": 3.847320079803467, "reserved_gib": 5.46875, "peak_allocated_gib": 5.325491905212402, "gpu_time_budget": null, "step": 54, "total": 100, "loss": 2.795302003622055, "elapsed_seconds": 7166.418611295056}
{"stage": "training", "pid": 1387607, "time": 1789675960.677801, "cuda_visible_devices": "5", "allocated_gib": 3.847320079803467, "reserved_gib": 5.46875, "peak_allocated_gib": 5.325491905212402, "gpu_time_budget": null, "step": 55, "total": 100, "loss": 2.8435650169849396, "elapsed_seconds": 7299.172368344967}
{"stage": "training", "pid": 1387607, "time": 1789676093.528917, "cuda_visible_devices": "5", "allocated_gib": 3.847320079803467, "reserved_gib": 5.46875, "peak_allocated_gib": 5.325491905212402, "gpu_time_budget": null, "step": 56, "total": 100, "loss": 2.699740558862686, "elapsed_seconds": 7432.023486896069}
{"stage": "training", "pid": 1387607, "time": 1789676225.7981308, "cuda_visible_devices": "5", "allocated_gib": 3.847320079803467, "reserved_gib": 5.46875, "peak_allocated_gib": 5.325491905212402, "gpu_time_budget": null, "step": 57, "total": 100, "loss": 2.670280933380127, "elapsed_seconds": 7564.292702747043}
{"stage": "training", "pid": 1387607, "time": 1789676358.237845, "cuda_visible_devices": "5", "allocated_gib": 3.847320079803467, "reserved_gib": 5.46875, "peak_allocated_gib": 5.325491905212402, "gpu_time_budget": null, "step": 58, "total": 100, "loss": 2.575980007648468, "elapsed_seconds": 7696.732416752959}
{"stage": "training", "pid": 1387607, "time": 1789676490.4488409, "cuda_visible_devices": "5", "allocated_gib": 3.847320079803467, "reserved_gib": 5.46875, "peak_allocated_gib": 5.325491905212402, "gpu_time_budget": null, "step": 59, "total": 100, "loss": 2.7475691735744476, "elapsed_seconds": 7828.943405708065}
{"stage": "training", "pid": 1387607, "time": 1789676623.2849758, "cuda_visible_devices": "5", "allocated_gib": 3.847320079803467, "reserved_gib": 5.46875, "peak_allocated_gib": 5.325491905212402, "gpu_time_budget": null, "step": 60, "total": 100, "loss": 2.6633241176605225, "elapsed_seconds": 7961.779513278976}
{"stage": "training", "pid": 1387607, "time": 1789676756.0461204, "cuda_visible_devices": "5", "allocated_gib": 3.847320079803467, "reserved_gib": 5.46875, "peak_allocated_gib": 5.325491905212402, "gpu_time_budget": null, "step": 61, "total": 100, "loss": 2.8320302963256836, "elapsed_seconds": 8094.540687049041}
{"stage": "training", "pid": 1387607, "time": 1789676888.8637884, "cuda_visible_devices": "5", "allocated_gib": 3.847320079803467, "reserved_gib": 5.46875, "peak_allocated_gib": 5.325491905212402, "gpu_time_budget": null, "step": 62, "total": 100, "loss": 2.647927224636078, "elapsed_seconds": 8227.358360226965}
{"stage": "training", "pid": 1387607, "time": 1789677021.0691779, "cuda_visible_devices": "5", "allocated_gib": 3.847320079803467, "reserved_gib": 5.46875, "peak_allocated_gib": 5.325491905212402, "gpu_time_budget": null, "step": 63, "total": 100, "loss": 2.619116574525833, "elapsed_seconds": 8359.563747865031}
{"stage": "training", "pid": 1387607, "time": 1789677153.9361439, "cuda_visible_devices": "5", "allocated_gib": 3.847320079803467, "reserved_gib": 5.46875, "peak_allocated_gib": 5.325491905212402, "gpu_time_budget": null, "step": 64, "total": 100, "loss": 2.66074538230896, "elapsed_seconds": 8492.430710382992}
{"stage": "training", "pid": 1387607, "time": 1789677287.1564553, "cuda_visible_devices": "5", "allocated_gib": 3.847320079803467, "reserved_gib": 5.46875, "peak_allocated_gib": 5.325491905212402, "gpu_time_budget": null, "step": 65, "total": 100, "loss": 2.7918928265571594, "elapsed_seconds": 8625.65102141106}
{"stage": "training", "pid": 1387607, "time": 1789677419.5455565, "cuda_visible_devices": "5", "allocated_gib": 3.847320079803467, "reserved_gib": 5.46875, "peak_allocated_gib": 5.325491905212402, "gpu_time_budget": null, "step": 66, "total": 100, "loss": 2.773330479860306, "elapsed_seconds": 8758.040126173059}
{"stage": "training", "pid": 1387607, "time": 1789677551.3212833, "cuda_visible_devices": "5", "allocated_gib": 3.847320079803467, "reserved_gib": 5.46875, "peak_allocated_gib": 5.325491905212402, "gpu_time_budget": null, "step": 67, "total": 100, "loss": 2.8187326788902283, "elapsed_seconds": 8889.815838192008}
{"stage": "training", "pid": 1387607, "time": 1789677684.251476, "cuda_visible_devices": "5", "allocated_gib": 3.847320079803467, "reserved_gib": 5.46875, "peak_allocated_gib": 5.325491905212402, "gpu_time_budget": null, "step": 68, "total": 100, "loss": 2.7065055072307587, "elapsed_seconds": 9022.746051277034}
{"stage": "training", "pid": 1387607, "time": 1789677816.659745, "cuda_visible_devices": "5", "allocated_gib": 3.847320079803467, "reserved_gib": 5.46875, "peak_allocated_gib": 5.325491905212402, "gpu_time_budget": null, "step": 69, "total": 100, "loss": 2.571887254714966, "elapsed_seconds": 9155.15431026998}
{"stage": "training", "pid": 1387607, "time": 1789677949.0684972, "cuda_visible_devices": "5", "allocated_gib": 3.847320079803467, "reserved_gib": 5.46875, "peak_allocated_gib": 5.325491905212402, "gpu_time_budget": null, "step": 70, "total": 100, "loss": 2.8545775711536407, "elapsed_seconds": 9287.563061179011}
{"stage": "training", "pid": 1387607, "time": 1789678081.6054919, "cuda_visible_devices": "5", "allocated_gib": 3.847320079803467, "reserved_gib": 5.46875, "peak_allocated_gib": 5.325491905212402, "gpu_time_budget": null, "step": 71, "total": 100, "loss": 2.2896222919225693, "elapsed_seconds": 9420.100063255057}
{"stage": "training", "pid": 1387607, "time": 1789678213.6623893, "cuda_visible_devices": "5", "allocated_gib": 3.847320079803467, "reserved_gib": 5.46875, "peak_allocated_gib": 5.325491905212402, "gpu_time_budget": null, "step": 72, "total": 100, "loss": 2.6705929934978485, "elapsed_seconds": 9552.156960324035}
{"stage": "training", "pid": 1387607, "time": 1789678345.0826597, "cuda_visible_devices": "5", "allocated_gib": 3.847320079803467, "reserved_gib": 5.46875, "peak_allocated_gib": 5.325491905212402, "gpu_time_budget": null, "step": 73, "total": 100, "loss": 2.5544806718826294, "elapsed_seconds": 9683.577222245047}
{"stage": "training", "pid": 1387607, "time": 1789678477.3849914, "cuda_visible_devices": "5", "allocated_gib": 3.847320079803467, "reserved_gib": 5.46875, "peak_allocated_gib": 5.325491905212402, "gpu_time_budget": null, "step": 74, "total": 100, "loss": 2.9046651124954224, "elapsed_seconds": 9815.879561202019}
{"stage": "training", "pid": 1387607, "time": 1789678609.7799456, "cuda_visible_devices": "5", "allocated_gib": 3.847320079803467, "reserved_gib": 5.46875, "peak_allocated_gib": 5.325491905212402, "gpu_time_budget": null, "step": 75, "total": 100, "loss": 2.7308466732501984, "elapsed_seconds": 9948.274519311963}
{"stage": "training", "pid": 1387607, "time": 1789678741.481339, "cuda_visible_devices": "5", "allocated_gib": 3.847320079803467, "reserved_gib": 5.46875, "peak_allocated_gib": 5.325491905212402, "gpu_time_budget": null, "step": 76, "total": 100, "loss": 2.612678349018097, "elapsed_seconds": 10079.97590795497}
{"stage": "training", "pid": 1387607, "time": 1789678874.14035, "cuda_visible_devices": "5", "allocated_gib": 3.847320079803467, "reserved_gib": 5.46875, "peak_allocated_gib": 5.325491905212402, "gpu_time_budget": null, "step": 77, "total": 100, "loss": 2.825726866722107, "elapsed_seconds": 10212.634921101038}
{"stage": "training", "pid": 1387607, "time": 1789679006.0993578, "cuda_visible_devices": "5", "allocated_gib": 3.847320079803467, "reserved_gib": 5.46875, "peak_allocated_gib": 5.325491905212402, "gpu_time_budget": null, "step": 78, "total": 100, "loss": 2.6136794090270996, "elapsed_seconds": 10344.593930753064}
{"stage": "training", "pid": 1387607, "time": 1789679137.9985025, "cuda_visible_devices": "5", "allocated_gib": 3.847320079803467, "reserved_gib": 5.46875, "peak_allocated_gib": 5.325491905212402, "gpu_time_budget": null, "step": 79, "total": 100, "loss": 2.5919025242328644, "elapsed_seconds": 10476.493072298006}
{"stage": "training", "pid": 1387607, "time": 1789679269.5873752, "cuda_visible_devices": "5", "allocated_gib": 3.847320079803467, "reserved_gib": 5.46875, "peak_allocated_gib": 5.325491905212402, "gpu_time_budget": null, "step": 80, "total": 100, "loss": 2.3569463193416595, "elapsed_seconds": 10608.081944860052}
{"stage": "training", "pid": 1387607, "time": 1789679402.2912967, "cuda_visible_devices": "5", "allocated_gib": 3.847320079803467, "reserved_gib": 5.46875, "peak_allocated_gib": 5.325491905212402, "gpu_time_budget": null, "step": 81, "total": 100, "loss": 2.579156130552292, "elapsed_seconds": 10740.785865726066}
{"stage": "training", "pid": 1387607, "time": 1789679535.9322145, "cuda_visible_devices": "5", "allocated_gib": 3.847320079803467, "reserved_gib": 5.46875, "peak_allocated_gib": 5.325491905212402, "gpu_time_budget": null, "step": 82, "total": 100, "loss": 2.915321797132492, "elapsed_seconds": 10874.426769493031}
{"stage": "training", "pid": 1387607, "time": 1789679668.58335, "cuda_visible_devices": "5", "allocated_gib": 3.847320079803467, "reserved_gib": 5.46875, "peak_allocated_gib": 5.325491905212402, "gpu_time_budget": null, "step": 83, "total": 100, "loss": 2.5610840916633606, "elapsed_seconds": 11007.07792081905}
{"stage": "training", "pid": 1387607, "time": 1789679802.4701784, "cuda_visible_devices": "5", "allocated_gib": 3.847320079803467, "reserved_gib": 5.46875, "peak_allocated_gib": 5.325491905212402, "gpu_time_budget": null, "step": 84, "total": 100, "loss": 2.6495314836502075, "elapsed_seconds": 11140.964732805965}
{"stage": "training", "pid": 1387607, "time": 1789679935.9372926, "cuda_visible_devices": "5", "allocated_gib": 3.847320079803467, "reserved_gib": 5.46875, "peak_allocated_gib": 5.325491905212402, "gpu_time_budget": null, "step": 85, "total": 100, "loss": 2.9125196039676666, "elapsed_seconds": 11274.431855333038}
{"stage": "training", "pid": 1387607, "time": 1789680069.6416621, "cuda_visible_devices": "5", "allocated_gib": 3.847320079803467, "reserved_gib": 5.46875, "peak_allocated_gib": 5.325491905212402, "gpu_time_budget": null, "step": 86, "total": 100, "loss": 2.731427311897278, "elapsed_seconds": 11408.136231473065}
{"stage": "training", "pid": 1387607, "time": 1789680203.5106254, "cuda_visible_devices": "5", "allocated_gib": 3.847320079803467, "reserved_gib": 5.46875, "peak_allocated_gib": 5.325491905212402, "gpu_time_budget": null, "step": 87, "total": 100, "loss": 2.8591123521327972, "elapsed_seconds": 11542.005197828985}
{"stage": "training", "pid": 1387607, "time": 1789680335.5796077, "cuda_visible_devices": "5", "allocated_gib": 3.847320079803467, "reserved_gib": 5.46875, "peak_allocated_gib": 5.325491905212402, "gpu_time_budget": null, "step": 88, "total": 100, "loss": 2.535518556833267, "elapsed_seconds": 11674.074169244966}
{"stage": "training", "pid": 1387607, "time": 1789680467.522117, "cuda_visible_devices": "5", "allocated_gib": 3.847320079803467, "reserved_gib": 5.46875, "peak_allocated_gib": 5.325491905212402, "gpu_time_budget": null, "step": 89, "total": 100, "loss": 2.9330652952194214, "elapsed_seconds": 11806.016684992006}
{"stage": "training", "pid": 1387607, "time": 1789680600.3668876, "cuda_visible_devices": "5", "allocated_gib": 3.847320079803467, "reserved_gib": 5.46875, "peak_allocated_gib": 5.325491905212402, "gpu_time_budget": null, "step": 90, "total": 100, "loss": 2.5141591578722, "elapsed_seconds": 11938.861459188978}
{"stage": "training", "pid": 1387607, "time": 1789680732.2652469, "cuda_visible_devices": "5", "allocated_gib": 3.847320079803467, "reserved_gib": 5.46875, "peak_allocated_gib": 5.325491905212402, "gpu_time_budget": null, "step": 91, "total": 100, "loss": 2.270405411720276, "elapsed_seconds": 12070.759813270997}
{"stage": "training", "pid": 1387607, "time": 1789680863.5371346, "cuda_visible_devices": "5", "allocated_gib": 3.847320079803467, "reserved_gib": 5.46875, "peak_allocated_gib": 5.325491905212402, "gpu_time_budget": null, "step": 92, "total": 100, "loss": 2.6257960498332977, "elapsed_seconds": 12202.031709379982}
{"stage": "training", "pid": 1387607, "time": 1789680995.9832263, "cuda_visible_devices": "5", "allocated_gib": 3.847320079803467, "reserved_gib": 5.46875, "peak_allocated_gib": 5.325491905212402, "gpu_time_budget": null, "step": 93, "total": 100, "loss": 2.8195826709270477, "elapsed_seconds": 12334.477802047972}
{"stage": "training", "pid": 1387607, "time": 1789681127.9282098, "cuda_visible_devices": "5", "allocated_gib": 3.847320079803467, "reserved_gib": 5.46875, "peak_allocated_gib": 5.325491905212402, "gpu_time_budget": null, "step": 94, "total": 100, "loss": 2.725196361541748, "elapsed_seconds": 12466.422783005051}
{"stage": "training", "pid": 1387607, "time": 1789681259.5145285, "cuda_visible_devices": "5", "allocated_gib": 3.847320079803467, "reserved_gib": 5.46875, "peak_allocated_gib": 5.325491905212402, "gpu_time_budget": null, "step": 95, "total": 100, "loss": 2.5146873891353607, "elapsed_seconds": 12598.009101978038}
{"stage": "training", "pid": 1387607, "time": 1789681391.2076247, "cuda_visible_devices": "5", "allocated_gib": 3.847320079803467, "reserved_gib": 5.46875, "peak_allocated_gib": 5.325491905212402, "gpu_time_budget": null, "step": 96, "total": 100, "loss": 2.3943957090377808, "elapsed_seconds": 12729.702198300976}
{"stage": "training", "pid": 1387607, "time": 1789681523.5127692, "cuda_visible_devices": "5", "allocated_gib": 3.847320079803467, "reserved_gib": 5.46875, "peak_allocated_gib": 5.325491905212402, "gpu_time_budget": null, "step": 97, "total": 100, "loss": 2.9291898608207703, "elapsed_seconds": 12862.00734040502}
{"stage": "training", "pid": 1387607, "time": 1789681655.124196, "cuda_visible_devices": "5", "allocated_gib": 3.847320079803467, "reserved_gib": 5.46875, "peak_allocated_gib": 5.325491905212402, "gpu_time_budget": null, "step": 98, "total": 100, "loss": 2.814560204744339, "elapsed_seconds": 12993.61874766904}
{"stage": "training", "pid": 1387607, "time": 1789681787.3283317, "cuda_visible_devices": "5", "allocated_gib": 3.847320079803467, "reserved_gib": 5.46875, "peak_allocated_gib": 5.325491905212402, "gpu_time_budget": null, "step": 99, "total": 100, "loss": 2.533705472946167, "elapsed_seconds": 13125.82290167606}
{"stage": "training", "pid": 1387607, "time": 1789681921.088136, "cuda_visible_devices": "5", "allocated_gib": 3.847320079803467, "reserved_gib": 5.46875, "peak_allocated_gib": 5.325491905212402, "gpu_time_budget": null, "step": 100, "total": 100, "loss": 2.497579962015152, "elapsed_seconds": 13259.582686648006}
{"stage": "freeze-and-calibrate", "pid": 1387607, "time": 1789681943.1762512, "cuda_visible_devices": "5", "allocated_gib": 3.847320079803467, "reserved_gib": 5.46875, "peak_allocated_gib": 5.325491905212402, "gpu_time_budget": null, "step": 100}
Loading checkpoint shards:   0%|          | 0/2 [00:00<?, ?it/s]Loading checkpoint shards:  50%|█████     | 1/2 [00:00<00:00,  3.54it/s]Loading checkpoint shards: 100%|██████████| 2/2 [00:00<00:00,  7.01it/s]
{"stage": "full-validation", "pid": 1387607, "time": 1789681980.160375, "cuda_visible_devices": "5", "allocated_gib": 7.634613990783691, "reserved_gib": 10.685546875, "peak_allocated_gib": 8.515288829803467, "gpu_time_budget": null, "step": 100}
Evaluation segment 1/2: start=0, windows=128, seqlen=2048
Evaluation segment 2/2: start=262144, windows=1, seqlen=193
{"stage": "checkpoint-completed", "pid": 1387607, "time": 1789682012.7782855, "cuda_visible_devices": "5", "allocated_gib": 3.847320079803467, "reserved_gib": 3.9765625, "peak_allocated_gib": 9.380706310272217, "gpu_time_budget": null, "step": 100, "nll": 2.793673654716446, "ppl": 16.340940643824144}
{"stage": "completed", "pid": 1387607, "time": 1789682012.7864044, "cuda_visible_devices": "5", "allocated_gib": 3.847320079803467, "reserved_gib": 3.9765625, "peak_allocated_gib": 9.380706310272217, "gpu_time_budget": null, "steps": 100, "elapsed_seconds": 13351.280987806036}
