{"stage": "loading-b100-for-train-only-calibration", "pid": 4075190, "time": 1789706703.8365355, "cuda_visible_devices": "2", "allocated_gib": 0.0, "reserved_gib": 0.0, "peak_allocated_gib": 0.0, "gpu_time_budget": null}
Loading checkpoint shards:   0%|          | 0/2 [00:00<?, ?it/s]Loading checkpoint shards:  50%|█████     | 1/2 [00:01<00:01,  1.25s/it]Loading checkpoint shards: 100%|██████████| 2/2 [00:01<00:00,  1.60it/s]
`loss_type=None` was set in the config but it is unrecognised.Using the default loss: `ForCausalLMLoss`.
{"stage": "search-uniform-int8", "pid": 4075190, "time": 1789706719.1148734, "cuda_visible_devices": "2", "allocated_gib": 3.8015761375427246, "reserved_gib": 3.923828125, "peak_allocated_gib": 3.9115023612976074, "gpu_time_budget": null, "layer": "model.layers.0.mlp.down_proj"}
{"stage": "search-uniform-int8", "pid": 4075190, "time": 1789706719.1515071, "cuda_visible_devices": "2", "allocated_gib": 3.8015761375427246, "reserved_gib": 3.970703125, "peak_allocated_gib": 3.9115023612976074, "gpu_time_budget": null, "layer": "model.layers.1.mlp.down_proj"}
{"stage": "search-uniform-int8", "pid": 4075190, "time": 1789706719.1846316, "cuda_visible_devices": "2", "allocated_gib": 3.8015761375427246, "reserved_gib": 3.970703125, "peak_allocated_gib": 3.9115023612976074, "gpu_time_budget": null, "layer": "model.layers.2.mlp.down_proj"}
{"stage": "search-uniform-int8", "pid": 4075190, "time": 1789706719.2195907, "cuda_visible_devices": "2", "allocated_gib": 3.8015761375427246, "reserved_gib": 3.970703125, "peak_allocated_gib": 3.9115023612976074, "gpu_time_budget": null, "layer": "model.layers.3.mlp.down_proj"}
{"stage": "search-uniform-int8", "pid": 4075190, "time": 1789706719.256262, "cuda_visible_devices": "2", "allocated_gib": 3.8015761375427246, "reserved_gib": 3.970703125, "peak_allocated_gib": 3.9115023612976074, "gpu_time_budget": null, "layer": "model.layers.4.mlp.down_proj"}
{"stage": "search-uniform-int8", "pid": 4075190, "time": 1789706719.293491, "cuda_visible_devices": "2", "allocated_gib": 3.8015761375427246, "reserved_gib": 3.970703125, "peak_allocated_gib": 3.9115023612976074, "gpu_time_budget": null, "layer": "model.layers.5.mlp.down_proj"}
{"stage": "search-uniform-int8", "pid": 4075190, "time": 1789706719.3304574, "cuda_visible_devices": "2", "allocated_gib": 3.8015761375427246, "reserved_gib": 3.970703125, "peak_allocated_gib": 3.9115023612976074, "gpu_time_budget": null, "layer": "model.layers.6.mlp.down_proj"}
{"stage": "search-uniform-int8", "pid": 4075190, "time": 1789706719.3677351, "cuda_visible_devices": "2", "allocated_gib": 3.8015761375427246, "reserved_gib": 3.970703125, "peak_allocated_gib": 3.9115023612976074, "gpu_time_budget": null, "layer": "model.layers.7.mlp.down_proj"}
{"stage": "search-uniform-int8", "pid": 4075190, "time": 1789706719.4064043, "cuda_visible_devices": "2", "allocated_gib": 3.8015761375427246, "reserved_gib": 3.970703125, "peak_allocated_gib": 3.9115023612976074, "gpu_time_budget": null, "layer": "model.layers.8.mlp.down_proj"}
{"stage": "search-uniform-int8", "pid": 4075190, "time": 1789706719.4439402, "cuda_visible_devices": "2", "allocated_gib": 3.8015761375427246, "reserved_gib": 3.970703125, "peak_allocated_gib": 3.9115023612976074, "gpu_time_budget": null, "layer": "model.layers.9.mlp.down_proj"}
{"stage": "search-uniform-int8", "pid": 4075190, "time": 1789706719.483011, "cuda_visible_devices": "2", "allocated_gib": 3.8015761375427246, "reserved_gib": 3.970703125, "peak_allocated_gib": 3.9115023612976074, "gpu_time_budget": null, "layer": "model.layers.10.mlp.down_proj"}
{"stage": "search-uniform-int8", "pid": 4075190, "time": 1789706719.5222447, "cuda_visible_devices": "2", "allocated_gib": 3.8015761375427246, "reserved_gib": 3.970703125, "peak_allocated_gib": 3.9115023612976074, "gpu_time_budget": null, "layer": "model.layers.11.mlp.down_proj"}
{"stage": "search-uniform-int8", "pid": 4075190, "time": 1789706719.562894, "cuda_visible_devices": "2", "allocated_gib": 3.8015761375427246, "reserved_gib": 3.970703125, "peak_allocated_gib": 3.9115023612976074, "gpu_time_budget": null, "layer": "model.layers.12.mlp.down_proj"}
{"stage": "search-uniform-int8", "pid": 4075190, "time": 1789706719.6044872, "cuda_visible_devices": "2", "allocated_gib": 3.8015761375427246, "reserved_gib": 3.970703125, "peak_allocated_gib": 3.9115023612976074, "gpu_time_budget": null, "layer": "model.layers.13.mlp.down_proj"}
{"stage": "search-uniform-int8", "pid": 4075190, "time": 1789706719.647947, "cuda_visible_devices": "2", "allocated_gib": 3.8015761375427246, "reserved_gib": 3.970703125, "peak_allocated_gib": 3.9115023612976074, "gpu_time_budget": null, "layer": "model.layers.14.mlp.down_proj"}
{"stage": "search-uniform-int8", "pid": 4075190, "time": 1789706719.6908977, "cuda_visible_devices": "2", "allocated_gib": 3.8015761375427246, "reserved_gib": 3.970703125, "peak_allocated_gib": 3.9115023612976074, "gpu_time_budget": null, "layer": "model.layers.15.mlp.down_proj"}
{"stage": "search-uniform-int8", "pid": 4075190, "time": 1789706719.7333958, "cuda_visible_devices": "2", "allocated_gib": 3.8015761375427246, "reserved_gib": 3.970703125, "peak_allocated_gib": 3.9115023612976074, "gpu_time_budget": null, "layer": "model.layers.16.mlp.down_proj"}
{"stage": "search-uniform-int8", "pid": 4075190, "time": 1789706719.7763505, "cuda_visible_devices": "2", "allocated_gib": 3.8015761375427246, "reserved_gib": 3.970703125, "peak_allocated_gib": 3.9115023612976074, "gpu_time_budget": null, "layer": "model.layers.17.mlp.down_proj"}
{"stage": "search-uniform-int8", "pid": 4075190, "time": 1789706719.8212075, "cuda_visible_devices": "2", "allocated_gib": 3.8015761375427246, "reserved_gib": 3.970703125, "peak_allocated_gib": 3.9115023612976074, "gpu_time_budget": null, "layer": "model.layers.18.mlp.down_proj"}
{"stage": "search-uniform-int8", "pid": 4075190, "time": 1789706719.8638132, "cuda_visible_devices": "2", "allocated_gib": 3.8015761375427246, "reserved_gib": 3.970703125, "peak_allocated_gib": 3.9115023612976074, "gpu_time_budget": null, "layer": "model.layers.19.mlp.down_proj"}
{"stage": "search-uniform-int8", "pid": 4075190, "time": 1789706719.9112566, "cuda_visible_devices": "2", "allocated_gib": 3.8015761375427246, "reserved_gib": 3.970703125, "peak_allocated_gib": 3.9115023612976074, "gpu_time_budget": null, "layer": "model.layers.20.mlp.down_proj"}
{"stage": "search-uniform-int8", "pid": 4075190, "time": 1789706719.9593363, "cuda_visible_devices": "2", "allocated_gib": 3.8015761375427246, "reserved_gib": 3.970703125, "peak_allocated_gib": 3.9115023612976074, "gpu_time_budget": null, "layer": "model.layers.21.mlp.down_proj"}
{"stage": "search-uniform-int8", "pid": 4075190, "time": 1789706720.0130405, "cuda_visible_devices": "2", "allocated_gib": 3.8015761375427246, "reserved_gib": 3.970703125, "peak_allocated_gib": 3.9115023612976074, "gpu_time_budget": null, "layer": "model.layers.22.mlp.down_proj"}
{"stage": "search-uniform-int8", "pid": 4075190, "time": 1789706720.058347, "cuda_visible_devices": "2", "allocated_gib": 3.8015761375427246, "reserved_gib": 3.970703125, "peak_allocated_gib": 3.9115023612976074, "gpu_time_budget": null, "layer": "model.layers.23.mlp.down_proj"}
{"stage": "search-uniform-int8", "pid": 4075190, "time": 1789706720.1168303, "cuda_visible_devices": "2", "allocated_gib": 3.8015761375427246, "reserved_gib": 3.970703125, "peak_allocated_gib": 3.9115023612976074, "gpu_time_budget": null, "layer": "model.layers.24.mlp.down_proj"}
{"stage": "search-uniform-int8", "pid": 4075190, "time": 1789706720.1770184, "cuda_visible_devices": "2", "allocated_gib": 3.8015761375427246, "reserved_gib": 3.970703125, "peak_allocated_gib": 3.9115023612976074, "gpu_time_budget": null, "layer": "model.layers.25.mlp.down_proj"}
{"stage": "search-uniform-int8", "pid": 4075190, "time": 1789706720.2405164, "cuda_visible_devices": "2", "allocated_gib": 3.8015761375427246, "reserved_gib": 3.970703125, "peak_allocated_gib": 3.9115023612976074, "gpu_time_budget": null, "layer": "model.layers.26.mlp.down_proj"}
{"stage": "search-uniform-int8", "pid": 4075190, "time": 1789706720.3025253, "cuda_visible_devices": "2", "allocated_gib": 3.8015761375427246, "reserved_gib": 3.970703125, "peak_allocated_gib": 3.9115023612976074, "gpu_time_budget": null, "layer": "model.layers.27.mlp.down_proj"}
{"stage": "completed", "pid": 4075190, "time": 1789706731.1337285, "cuda_visible_devices": "2", "allocated_gib": 3.801642894744873, "reserved_gib": 3.970703125, "peak_allocated_gib": 3.9115023612976074, "gpu_time_budget": null, "down_layers": 28, "elapsed_seconds": 27.65331628790591}
