{"stage": "loading-b100-for-train-only-calibration", "pid": 4109825, "time": 1789707215.74508, "cuda_visible_devices": "5", "allocated_gib": 0.0, "reserved_gib": 0.0, "peak_allocated_gib": 0.0, "gpu_time_budget": null}
Loading checkpoint shards:   0%|          | 0/2 [00:00<?, ?it/s]Loading checkpoint shards:  50%|█████     | 1/2 [00:00<00:00,  3.61it/s]Loading checkpoint shards: 100%|██████████| 2/2 [00:00<00:00,  7.15it/s]
`loss_type=None` was set in the config but it is unrecognised.Using the default loss: `ForCausalLMLoss`.
{"stage": "search-uniform-int8", "pid": 4109825, "time": 1789707230.834252, "cuda_visible_devices": "5", "allocated_gib": 3.8015761375427246, "reserved_gib": 3.923828125, "peak_allocated_gib": 3.9115023612976074, "gpu_time_budget": null, "layer": "model.layers.0.mlp.down_proj"}
{"stage": "search-uniform-int8", "pid": 4109825, "time": 1789707230.8921077, "cuda_visible_devices": "5", "allocated_gib": 3.8015761375427246, "reserved_gib": 3.970703125, "peak_allocated_gib": 3.9115023612976074, "gpu_time_budget": null, "layer": "model.layers.1.mlp.down_proj"}
{"stage": "search-uniform-int8", "pid": 4109825, "time": 1789707230.9475138, "cuda_visible_devices": "5", "allocated_gib": 3.8015761375427246, "reserved_gib": 3.970703125, "peak_allocated_gib": 3.9115023612976074, "gpu_time_budget": null, "layer": "model.layers.2.mlp.down_proj"}
{"stage": "search-uniform-int8", "pid": 4109825, "time": 1789707230.999965, "cuda_visible_devices": "5", "allocated_gib": 3.8015761375427246, "reserved_gib": 3.970703125, "peak_allocated_gib": 3.9115023612976074, "gpu_time_budget": null, "layer": "model.layers.3.mlp.down_proj"}
{"stage": "search-uniform-int8", "pid": 4109825, "time": 1789707231.0601785, "cuda_visible_devices": "5", "allocated_gib": 3.8015761375427246, "reserved_gib": 3.970703125, "peak_allocated_gib": 3.9115023612976074, "gpu_time_budget": null, "layer": "model.layers.4.mlp.down_proj"}
{"stage": "search-uniform-int8", "pid": 4109825, "time": 1789707231.1126559, "cuda_visible_devices": "5", "allocated_gib": 3.8015761375427246, "reserved_gib": 3.970703125, "peak_allocated_gib": 3.9115023612976074, "gpu_time_budget": null, "layer": "model.layers.5.mlp.down_proj"}
{"stage": "search-uniform-int8", "pid": 4109825, "time": 1789707231.1732466, "cuda_visible_devices": "5", "allocated_gib": 3.8015761375427246, "reserved_gib": 3.970703125, "peak_allocated_gib": 3.9115023612976074, "gpu_time_budget": null, "layer": "model.layers.6.mlp.down_proj"}
{"stage": "search-uniform-int8", "pid": 4109825, "time": 1789707231.2341564, "cuda_visible_devices": "5", "allocated_gib": 3.8015761375427246, "reserved_gib": 3.970703125, "peak_allocated_gib": 3.9115023612976074, "gpu_time_budget": null, "layer": "model.layers.7.mlp.down_proj"}
{"stage": "search-uniform-int8", "pid": 4109825, "time": 1789707231.2923326, "cuda_visible_devices": "5", "allocated_gib": 3.8015761375427246, "reserved_gib": 3.970703125, "peak_allocated_gib": 3.9115023612976074, "gpu_time_budget": null, "layer": "model.layers.8.mlp.down_proj"}
{"stage": "search-uniform-int8", "pid": 4109825, "time": 1789707231.3512268, "cuda_visible_devices": "5", "allocated_gib": 3.8015761375427246, "reserved_gib": 3.970703125, "peak_allocated_gib": 3.9115023612976074, "gpu_time_budget": null, "layer": "model.layers.9.mlp.down_proj"}
{"stage": "search-uniform-int8", "pid": 4109825, "time": 1789707231.413655, "cuda_visible_devices": "5", "allocated_gib": 3.8015761375427246, "reserved_gib": 3.970703125, "peak_allocated_gib": 3.9115023612976074, "gpu_time_budget": null, "layer": "model.layers.10.mlp.down_proj"}
{"stage": "search-uniform-int8", "pid": 4109825, "time": 1789707231.4784656, "cuda_visible_devices": "5", "allocated_gib": 3.8015761375427246, "reserved_gib": 3.970703125, "peak_allocated_gib": 3.9115023612976074, "gpu_time_budget": null, "layer": "model.layers.11.mlp.down_proj"}
{"stage": "search-uniform-int8", "pid": 4109825, "time": 1789707231.541412, "cuda_visible_devices": "5", "allocated_gib": 3.8015761375427246, "reserved_gib": 3.970703125, "peak_allocated_gib": 3.9115023612976074, "gpu_time_budget": null, "layer": "model.layers.12.mlp.down_proj"}
{"stage": "search-uniform-int8", "pid": 4109825, "time": 1789707231.6064365, "cuda_visible_devices": "5", "allocated_gib": 3.8015761375427246, "reserved_gib": 3.970703125, "peak_allocated_gib": 3.9115023612976074, "gpu_time_budget": null, "layer": "model.layers.13.mlp.down_proj"}
{"stage": "search-uniform-int8", "pid": 4109825, "time": 1789707231.6682014, "cuda_visible_devices": "5", "allocated_gib": 3.8015761375427246, "reserved_gib": 3.970703125, "peak_allocated_gib": 3.9115023612976074, "gpu_time_budget": null, "layer": "model.layers.14.mlp.down_proj"}
{"stage": "search-uniform-int8", "pid": 4109825, "time": 1789707231.727438, "cuda_visible_devices": "5", "allocated_gib": 3.8015761375427246, "reserved_gib": 3.970703125, "peak_allocated_gib": 3.9115023612976074, "gpu_time_budget": null, "layer": "model.layers.15.mlp.down_proj"}
{"stage": "search-uniform-int8", "pid": 4109825, "time": 1789707231.7855945, "cuda_visible_devices": "5", "allocated_gib": 3.8015761375427246, "reserved_gib": 3.970703125, "peak_allocated_gib": 3.9115023612976074, "gpu_time_budget": null, "layer": "model.layers.16.mlp.down_proj"}
{"stage": "search-uniform-int8", "pid": 4109825, "time": 1789707231.8416293, "cuda_visible_devices": "5", "allocated_gib": 3.8015761375427246, "reserved_gib": 3.970703125, "peak_allocated_gib": 3.9115023612976074, "gpu_time_budget": null, "layer": "model.layers.17.mlp.down_proj"}
{"stage": "search-uniform-int8", "pid": 4109825, "time": 1789707231.8997054, "cuda_visible_devices": "5", "allocated_gib": 3.8015761375427246, "reserved_gib": 3.970703125, "peak_allocated_gib": 3.9115023612976074, "gpu_time_budget": null, "layer": "model.layers.18.mlp.down_proj"}
{"stage": "search-uniform-int8", "pid": 4109825, "time": 1789707231.9584079, "cuda_visible_devices": "5", "allocated_gib": 3.8015761375427246, "reserved_gib": 3.970703125, "peak_allocated_gib": 3.9115023612976074, "gpu_time_budget": null, "layer": "model.layers.19.mlp.down_proj"}
{"stage": "search-uniform-int8", "pid": 4109825, "time": 1789707232.0157201, "cuda_visible_devices": "5", "allocated_gib": 3.8015761375427246, "reserved_gib": 3.970703125, "peak_allocated_gib": 3.9115023612976074, "gpu_time_budget": null, "layer": "model.layers.20.mlp.down_proj"}
{"stage": "search-uniform-int8", "pid": 4109825, "time": 1789707232.0759833, "cuda_visible_devices": "5", "allocated_gib": 3.8015761375427246, "reserved_gib": 3.970703125, "peak_allocated_gib": 3.9115023612976074, "gpu_time_budget": null, "layer": "model.layers.21.mlp.down_proj"}
{"stage": "search-uniform-int8", "pid": 4109825, "time": 1789707232.1355948, "cuda_visible_devices": "5", "allocated_gib": 3.8015761375427246, "reserved_gib": 3.970703125, "peak_allocated_gib": 3.9115023612976074, "gpu_time_budget": null, "layer": "model.layers.22.mlp.down_proj"}
{"stage": "search-uniform-int8", "pid": 4109825, "time": 1789707232.195525, "cuda_visible_devices": "5", "allocated_gib": 3.8015761375427246, "reserved_gib": 3.970703125, "peak_allocated_gib": 3.9115023612976074, "gpu_time_budget": null, "layer": "model.layers.23.mlp.down_proj"}
{"stage": "search-uniform-int8", "pid": 4109825, "time": 1789707232.2515264, "cuda_visible_devices": "5", "allocated_gib": 3.8015761375427246, "reserved_gib": 3.970703125, "peak_allocated_gib": 3.9115023612976074, "gpu_time_budget": null, "layer": "model.layers.24.mlp.down_proj"}
{"stage": "search-uniform-int8", "pid": 4109825, "time": 1789707232.3164766, "cuda_visible_devices": "5", "allocated_gib": 3.8015761375427246, "reserved_gib": 3.970703125, "peak_allocated_gib": 3.9115023612976074, "gpu_time_budget": null, "layer": "model.layers.25.mlp.down_proj"}
{"stage": "search-uniform-int8", "pid": 4109825, "time": 1789707232.3827767, "cuda_visible_devices": "5", "allocated_gib": 3.8015761375427246, "reserved_gib": 3.970703125, "peak_allocated_gib": 3.9115023612976074, "gpu_time_budget": null, "layer": "model.layers.26.mlp.down_proj"}
{"stage": "search-uniform-int8", "pid": 4109825, "time": 1789707232.4560986, "cuda_visible_devices": "5", "allocated_gib": 3.8015761375427246, "reserved_gib": 3.970703125, "peak_allocated_gib": 3.9115023612976074, "gpu_time_budget": null, "layer": "model.layers.27.mlp.down_proj"}
{"stage": "completed", "pid": 4109825, "time": 1789707248.223037, "cuda_visible_devices": "5", "allocated_gib": 3.801642894744873, "reserved_gib": 3.970703125, "peak_allocated_gib": 3.9115023612976074, "gpu_time_budget": null, "down_layers": 28, "elapsed_seconds": 24.721493762917817}
