{"stage": "loading-b100-for-train-only-calibration", "pid": 2302293, "time": 1789682111.7740176, "cuda_visible_devices": "0", "allocated_gib": 0.0, "reserved_gib": 0.0, "peak_allocated_gib": 0.0, "gpu_time_budget": null}
Loading checkpoint shards:   0%|          | 0/2 [00:00<?, ?it/s]Loading checkpoint shards:  50%|█████     | 1/2 [00:00<00:00,  1.45it/s]Loading checkpoint shards: 100%|██████████| 2/2 [00:00<00:00,  2.88it/s]
`loss_type=None` was set in the config but it is unrecognised.Using the default loss: `ForCausalLMLoss`.
{"stage": "search-uniform-int8", "pid": 2302293, "time": 1789682125.0208018, "cuda_visible_devices": "0", "allocated_gib": 3.8015761375427246, "reserved_gib": 3.923828125, "peak_allocated_gib": 3.9115023612976074, "gpu_time_budget": null, "layer": "model.layers.0.mlp.down_proj"}
{"stage": "search-uniform-int8", "pid": 2302293, "time": 1789682125.089017, "cuda_visible_devices": "0", "allocated_gib": 3.8015761375427246, "reserved_gib": 3.970703125, "peak_allocated_gib": 3.9115023612976074, "gpu_time_budget": null, "layer": "model.layers.1.mlp.down_proj"}
{"stage": "search-uniform-int8", "pid": 2302293, "time": 1789682125.1328628, "cuda_visible_devices": "0", "allocated_gib": 3.8015761375427246, "reserved_gib": 3.970703125, "peak_allocated_gib": 3.9115023612976074, "gpu_time_budget": null, "layer": "model.layers.2.mlp.down_proj"}
{"stage": "search-uniform-int8", "pid": 2302293, "time": 1789682125.1781669, "cuda_visible_devices": "0", "allocated_gib": 3.8015761375427246, "reserved_gib": 3.970703125, "peak_allocated_gib": 3.9115023612976074, "gpu_time_budget": null, "layer": "model.layers.3.mlp.down_proj"}
{"stage": "search-uniform-int8", "pid": 2302293, "time": 1789682125.220635, "cuda_visible_devices": "0", "allocated_gib": 3.8015761375427246, "reserved_gib": 3.970703125, "peak_allocated_gib": 3.9115023612976074, "gpu_time_budget": null, "layer": "model.layers.4.mlp.down_proj"}
{"stage": "search-uniform-int8", "pid": 2302293, "time": 1789682125.2594771, "cuda_visible_devices": "0", "allocated_gib": 3.8015761375427246, "reserved_gib": 3.970703125, "peak_allocated_gib": 3.9115023612976074, "gpu_time_budget": null, "layer": "model.layers.5.mlp.down_proj"}
{"stage": "search-uniform-int8", "pid": 2302293, "time": 1789682125.2981772, "cuda_visible_devices": "0", "allocated_gib": 3.8015761375427246, "reserved_gib": 3.970703125, "peak_allocated_gib": 3.9115023612976074, "gpu_time_budget": null, "layer": "model.layers.6.mlp.down_proj"}
{"stage": "search-uniform-int8", "pid": 2302293, "time": 1789682125.3406677, "cuda_visible_devices": "0", "allocated_gib": 3.8015761375427246, "reserved_gib": 3.970703125, "peak_allocated_gib": 3.9115023612976074, "gpu_time_budget": null, "layer": "model.layers.7.mlp.down_proj"}
{"stage": "search-uniform-int8", "pid": 2302293, "time": 1789682125.3923612, "cuda_visible_devices": "0", "allocated_gib": 3.8015761375427246, "reserved_gib": 3.970703125, "peak_allocated_gib": 3.9115023612976074, "gpu_time_budget": null, "layer": "model.layers.8.mlp.down_proj"}
{"stage": "search-uniform-int8", "pid": 2302293, "time": 1789682125.4366195, "cuda_visible_devices": "0", "allocated_gib": 3.8015761375427246, "reserved_gib": 3.970703125, "peak_allocated_gib": 3.9115023612976074, "gpu_time_budget": null, "layer": "model.layers.9.mlp.down_proj"}
{"stage": "search-uniform-int8", "pid": 2302293, "time": 1789682125.484551, "cuda_visible_devices": "0", "allocated_gib": 3.8015761375427246, "reserved_gib": 3.970703125, "peak_allocated_gib": 3.9115023612976074, "gpu_time_budget": null, "layer": "model.layers.10.mlp.down_proj"}
{"stage": "search-uniform-int8", "pid": 2302293, "time": 1789682125.5380619, "cuda_visible_devices": "0", "allocated_gib": 3.8015761375427246, "reserved_gib": 3.970703125, "peak_allocated_gib": 3.9115023612976074, "gpu_time_budget": null, "layer": "model.layers.11.mlp.down_proj"}
{"stage": "search-uniform-int8", "pid": 2302293, "time": 1789682125.5877912, "cuda_visible_devices": "0", "allocated_gib": 3.8015761375427246, "reserved_gib": 3.970703125, "peak_allocated_gib": 3.9115023612976074, "gpu_time_budget": null, "layer": "model.layers.12.mlp.down_proj"}
{"stage": "search-uniform-int8", "pid": 2302293, "time": 1789682125.6402287, "cuda_visible_devices": "0", "allocated_gib": 3.8015761375427246, "reserved_gib": 3.970703125, "peak_allocated_gib": 3.9115023612976074, "gpu_time_budget": null, "layer": "model.layers.13.mlp.down_proj"}
{"stage": "search-uniform-int8", "pid": 2302293, "time": 1789682125.698573, "cuda_visible_devices": "0", "allocated_gib": 3.8015761375427246, "reserved_gib": 3.970703125, "peak_allocated_gib": 3.9115023612976074, "gpu_time_budget": null, "layer": "model.layers.14.mlp.down_proj"}
{"stage": "search-uniform-int8", "pid": 2302293, "time": 1789682125.7504075, "cuda_visible_devices": "0", "allocated_gib": 3.8015761375427246, "reserved_gib": 3.970703125, "peak_allocated_gib": 3.9115023612976074, "gpu_time_budget": null, "layer": "model.layers.15.mlp.down_proj"}
{"stage": "search-uniform-int8", "pid": 2302293, "time": 1789682125.795386, "cuda_visible_devices": "0", "allocated_gib": 3.8015761375427246, "reserved_gib": 3.970703125, "peak_allocated_gib": 3.9115023612976074, "gpu_time_budget": null, "layer": "model.layers.16.mlp.down_proj"}
{"stage": "search-uniform-int8", "pid": 2302293, "time": 1789682125.843255, "cuda_visible_devices": "0", "allocated_gib": 3.8015761375427246, "reserved_gib": 3.970703125, "peak_allocated_gib": 3.9115023612976074, "gpu_time_budget": null, "layer": "model.layers.17.mlp.down_proj"}
{"stage": "search-uniform-int8", "pid": 2302293, "time": 1789682125.8989525, "cuda_visible_devices": "0", "allocated_gib": 3.8015761375427246, "reserved_gib": 3.970703125, "peak_allocated_gib": 3.9115023612976074, "gpu_time_budget": null, "layer": "model.layers.18.mlp.down_proj"}
{"stage": "search-uniform-int8", "pid": 2302293, "time": 1789682125.9572377, "cuda_visible_devices": "0", "allocated_gib": 3.8015761375427246, "reserved_gib": 3.970703125, "peak_allocated_gib": 3.9115023612976074, "gpu_time_budget": null, "layer": "model.layers.19.mlp.down_proj"}
{"stage": "search-uniform-int8", "pid": 2302293, "time": 1789682126.0079575, "cuda_visible_devices": "0", "allocated_gib": 3.8015761375427246, "reserved_gib": 3.970703125, "peak_allocated_gib": 3.9115023612976074, "gpu_time_budget": null, "layer": "model.layers.20.mlp.down_proj"}
{"stage": "search-uniform-int8", "pid": 2302293, "time": 1789682126.0602858, "cuda_visible_devices": "0", "allocated_gib": 3.8015761375427246, "reserved_gib": 3.970703125, "peak_allocated_gib": 3.9115023612976074, "gpu_time_budget": null, "layer": "model.layers.21.mlp.down_proj"}
{"stage": "search-uniform-int8", "pid": 2302293, "time": 1789682126.111865, "cuda_visible_devices": "0", "allocated_gib": 3.8015761375427246, "reserved_gib": 3.970703125, "peak_allocated_gib": 3.9115023612976074, "gpu_time_budget": null, "layer": "model.layers.22.mlp.down_proj"}
{"stage": "search-uniform-int8", "pid": 2302293, "time": 1789682126.161951, "cuda_visible_devices": "0", "allocated_gib": 3.8015761375427246, "reserved_gib": 3.970703125, "peak_allocated_gib": 3.9115023612976074, "gpu_time_budget": null, "layer": "model.layers.23.mlp.down_proj"}
{"stage": "search-uniform-int8", "pid": 2302293, "time": 1789682126.2222104, "cuda_visible_devices": "0", "allocated_gib": 3.8015761375427246, "reserved_gib": 3.970703125, "peak_allocated_gib": 3.9115023612976074, "gpu_time_budget": null, "layer": "model.layers.24.mlp.down_proj"}
{"stage": "search-uniform-int8", "pid": 2302293, "time": 1789682126.289222, "cuda_visible_devices": "0", "allocated_gib": 3.8015761375427246, "reserved_gib": 3.970703125, "peak_allocated_gib": 3.9115023612976074, "gpu_time_budget": null, "layer": "model.layers.25.mlp.down_proj"}
{"stage": "search-uniform-int8", "pid": 2302293, "time": 1789682126.3566446, "cuda_visible_devices": "0", "allocated_gib": 3.8015761375427246, "reserved_gib": 3.970703125, "peak_allocated_gib": 3.9115023612976074, "gpu_time_budget": null, "layer": "model.layers.26.mlp.down_proj"}
{"stage": "search-uniform-int8", "pid": 2302293, "time": 1789682126.411636, "cuda_visible_devices": "0", "allocated_gib": 3.8015761375427246, "reserved_gib": 3.970703125, "peak_allocated_gib": 3.9115023612976074, "gpu_time_budget": null, "layer": "model.layers.27.mlp.down_proj"}
{"stage": "completed", "pid": 2302293, "time": 1789682148.4143221, "cuda_visible_devices": "0", "allocated_gib": 3.801642894744873, "reserved_gib": 3.970703125, "peak_allocated_gib": 3.9115023612976074, "gpu_time_budget": null, "down_layers": 28, "elapsed_seconds": 24.398999647935852}
