{
  "output": "runs/phase4/mlp-layer-analysis-20260915a",
  "rankings": {
    "mlp": [
      1,
      15,
      10,
      9,
      13,
      11,
      12,
      14,
      7,
      8,
      0,
      4,
      5,
      2,
      3,
      6
    ],
    "up": [
      10,
      11,
      15,
      9,
      7,
      13,
      12,
      14,
      5,
      0,
      4,
      8,
      3,
      1,
      2,
      6
    ],
    "gate": [
      13,
      12,
      9,
      11,
      10,
      14,
      15,
      0,
      8,
      7,
      4,
      1,
      3,
      6,
      5,
      2
    ],
    "down": [
      1,
      15,
      10,
      9,
      12,
      13,
      11,
      0,
      7,
      14,
      2,
      8,
      4,
      6,
      5,
      3
    ]
  },
  "global_restorations": {
    "up": {
      "token_count": 252852,
      "predicted_tokens": 252728,
      "segments": [
        {
          "start_token": 0,
          "seqlen": 2048,
          "windows": 123,
          "predicted_tokens": 251781,
          "ppl": 15.06497573852539,
          "nll": 2.712372562127957
        },
        {
          "start_token": 251904,
          "seqlen": 948,
          "windows": 1,
          "predicted_tokens": 947,
          "ppl": 15.986684799194336,
          "nll": 2.77175617571873
        }
      ],
      "unscored_tail_tokens": 0,
      "nll": 2.7125950791504887,
      "ppl": 15.068328325061195,
      "evaluation_precision": "existing evaluator: BF16 logits CE, per-token loss to FP32; log(float32 PPL), weighted by predicted tokens",
      "acceptance_source": "/home/dongpeiyan/projects/rotation-quant/scripts/phase2/validation_acceptance.py",
      "evaluator_source": "/home/dongpeiyan/projects/rotation-quant/worktrees/SpinQuant-phase4-w4/utils/eval_utils.py",
      "delta_nll": 0.03191783608949361
    },
    "gate": {
      "token_count": 252852,
      "predicted_tokens": 252728,
      "segments": [
        {
          "start_token": 0,
          "seqlen": 2048,
          "windows": 123,
          "predicted_tokens": 251781,
          "ppl": 15.23862075805664,
          "nll": 2.7238330447231447
        },
        {
          "start_token": 251904,
          "seqlen": 948,
          "windows": 1,
          "predicted_tokens": 947,
          "ppl": 16.292951583862305,
          "nll": 2.7907325961250633
        }
      ],
      "unscored_tail_tokens": 0,
      "nll": 2.7240837248028256,
      "ppl": 15.242441255563797,
      "evaluation_precision": "existing evaluator: BF16 logits CE, per-token loss to FP32; log(float32 PPL), weighted by predicted tokens",
      "acceptance_source": "/home/dongpeiyan/projects/rotation-quant/scripts/phase2/validation_acceptance.py",
      "evaluator_source": "/home/dongpeiyan/projects/rotation-quant/worktrees/SpinQuant-phase4-w4/utils/eval_utils.py",
      "delta_nll": 0.02042919043715674
    },
    "down": {
      "token_count": 252852,
      "predicted_tokens": 252728,
      "segments": [
        {
          "start_token": 0,
          "seqlen": 2048,
          "windows": 123,
          "predicted_tokens": 251781,
          "ppl": 14.674734115600586,
          "nll": 2.6861272473626703
        },
        {
          "start_token": 251904,
          "seqlen": 948,
          "windows": 1,
          "predicted_tokens": 947,
          "ppl": 15.325841903686523,
          "nll": 2.729540416932337
        }
      ],
      "unscored_tail_tokens": 0,
      "nll": 2.6862899213504456,
      "ppl": 14.677121507296714,
      "evaluation_precision": "existing evaluator: BF16 logits CE, per-token loss to FP32; log(float32 PPL), weighted by predicted tokens",
      "acceptance_source": "/home/dongpeiyan/projects/rotation-quant/scripts/phase2/validation_acceptance.py",
      "evaluator_source": "/home/dongpeiyan/projects/rotation-quant/worktrees/SpinQuant-phase4-w4/utils/eval_utils.py",
      "delta_nll": 0.05822299388953667
    },
    "gateup": {
      "token_count": 252852,
      "predicted_tokens": 252728,
      "segments": [
        {
          "start_token": 0,
          "seqlen": 2048,
          "windows": 123,
          "predicted_tokens": 251781,
          "ppl": 14.788164138793945,
          "nll": 2.6938271404713983
        },
        {
          "start_token": 251904,
          "seqlen": 948,
          "windows": 1,
          "predicted_tokens": 947,
          "ppl": 15.825653076171875,
          "nll": 2.7616322358151666
        }
      ],
      "unscored_tail_tokens": 0,
      "nll": 2.6940812137252146,
      "ppl": 14.791921893126878,
      "evaluation_precision": "existing evaluator: BF16 logits CE, per-token loss to FP32; log(float32 PPL), weighted by predicted tokens",
      "acceptance_source": "/home/dongpeiyan/projects/rotation-quant/scripts/phase2/validation_acceptance.py",
      "evaluator_source": "/home/dongpeiyan/projects/rotation-quant/worktrees/SpinQuant-phase4-w4/utils/eval_utils.py",
      "delta_nll": 0.050431701514767724
    },
    "mlp": {
      "token_count": 252852,
      "predicted_tokens": 252728,
      "segments": [
        {
          "start_token": 0,
          "seqlen": 2048,
          "windows": 123,
          "predicted_tokens": 251781,
          "ppl": 13.999079704284668,
          "nll": 2.638991592046354
        },
        {
          "start_token": 251904,
          "seqlen": 948,
          "windows": 1,
          "predicted_tokens": 947,
          "ppl": 14.847017288208008,
          "nll": 2.6977989890615093
        }
      ],
      "unscored_tail_tokens": 0,
      "nll": 2.6392119499211177,
      "ppl": 14.002164851642727,
      "evaluation_precision": "existing evaluator: BF16 logits CE, per-token loss to FP32; log(float32 PPL), weighted by predicted tokens",
      "acceptance_source": "/home/dongpeiyan/projects/rotation-quant/scripts/phase2/validation_acceptance.py",
      "evaluator_source": "/home/dongpeiyan/projects/rotation-quant/worktrees/SpinQuant-phase4-w4/utils/eval_utils.py",
      "delta_nll": 0.10530096531886457
    }
  }
}
